\BOOKMARK [1][-]{section.1}{\376\377\000P\000a\000n\000o\000r\000a\000m\000a\000\040\000g\000e\000n\000e\000r\000a\000l}{}% 1
\BOOKMARK [2][-]{subsection.1.1}{\376\377\000P\000r\000e\000g\000u\000n\000t\000a\000\040\000y\000\040\000a\000l\000c\000a\000n\000c\000e}{section.1}% 2
\BOOKMARK [2][-]{subsection.1.2}{\376\377\000D\000e\000f\000i\000n\000i\000c\000i\000\363\000n\000\040\000o\000p\000e\000r\000a\000t\000i\000v\000a\000\040\000d\000e\000\040\000`\000`\000a\000u\000l\000a\000'\000'\000\040\000\050\000u\000n\000i\000d\000a\000d\000\040\000d\000e\000\040\000c\000o\000m\000p\000a\000r\000a\000c\000i\000\363\000n\000\051}{section.1}% 3
\BOOKMARK [2][-]{subsection.1.3}{\376\377\000E\000s\000t\000r\000u\000c\000t\000u\000r\000a\000\040\000d\000e\000l\000\040\000c\000o\000n\000j\000u\000n\000t\000o\000\040\000d\000e\000\040\000d\000a\000t\000o\000s\000\040\000y\000\040\000l\000i\000m\000p\000i\000e\000z\000a}{section.1}% 4
\BOOKMARK [2][-]{subsection.1.4}{\376\377\000E\000s\000t\000a\000n\000d\000a\000r\000i\000z\000a\000c\000i\000\363\000n\000\040\000p\000o\000r\000\040\000a\000u\000l\000a\000:\000\040\000j\000u\000s\000t\000i\000f\000i\000c\000a\000c\000i\000\363\000n\000\040\000y\000\040\000p\000r\000o\000c\000e\000d\000i\000m\000i\000e\000n\000t\000o}{section.1}% 5
\BOOKMARK [2][-]{subsection.1.5}{\376\377\000C\000r\000i\000t\000e\000r\000i\000o\000\040\000d\000e\000\040\000a\000g\000r\000u\000p\000a\000m\000i\000e\000n\000t\000o\000\040\000p\000o\000r\000\040\000v\000i\000s\000i\000t\000a\000s\000\040\000\050\000u\000m\000b\000r\000a\000l\000\040\0003\000\051}{section.1}% 6
\BOOKMARK [1][-]{section.2}{\376\377\000D\000e\000s\000c\000r\000i\000p\000c\000i\000\363\000n\000\040\000d\000e\000l\000\040\000C\000M\000A\000T}{}% 7
\BOOKMARK [1][-]{section.3}{\376\377\000D\000e\000s\000c\000r\000i\000p\000c\000i\000o\000n\000\040\000d\000e\000\040\000l\000o\000s\000\040\000D\000a\000t\000o\000s}{}% 8
\BOOKMARK [2][-]{subsection.3.1}{\376\377\000F\000u\000e\000n\000t\000e\000s\000,\000\040\000c\000o\000b\000e\000r\000t\000u\000r\000a\000\040\000y\000\040\000u\000n\000i\000d\000a\000d\000\040\000a\000n\000a\000l\000i\000t\000i\000c\000a}{section.3}% 9
\BOOKMARK [2][-]{subsection.3.2}{\376\377\000D\000i\000s\000t\000r\000i\000b\000u\000c\000i\000o\000n\000\040\000y\000\040\000c\000o\000n\000c\000e\000n\000t\000r\000a\000c\000i\000o\000n\000\040\000d\000e\000\040\000v\000i\000s\000i\000t\000a\000s}{section.3}% 10
\BOOKMARK [2][-]{subsection.3.3}{\376\377\000C\000o\000b\000e\000r\000t\000u\000r\000a\000\040\000t\000e\000m\000p\000o\000r\000a\000l\000\040\000y\000\040\000e\000s\000t\000r\000u\000c\000t\000u\000r\000a\000\040\000a\000c\000a\000d\000e\000m\000i\000c\000a}{section.3}% 11
\BOOKMARK [2][-]{subsection.3.4}{\376\377\000C\000a\000l\000i\000f\000i\000c\000a\000c\000i\000o\000n\000e\000s\000,\000\040\000f\000a\000l\000t\000a\000n\000t\000e\000s\000\040\000e\000\040\000i\000m\000p\000u\000t\000a\000c\000i\000o\000n}{section.3}% 12
\BOOKMARK [1][-]{section.4}{\376\377\000A\000n\000\341\000l\000i\000s\000i\000s\000\040\000e\000x\000p\000l\000o\000r\000a\000t\000o\000r\000i\000o\000\040\000d\000e\000\040\000d\000a\000t\000o\000s}{}% 13
\BOOKMARK [2][-]{subsection.4.1}{\376\377\000D\000i\000s\000t\000r\000i\000b\000u\000c\000i\000\363\000n\000\040\000d\000e\000l\000\040\000n\000\372\000m\000e\000r\000o\000\040\000d\000e\000\040\000v\000i\000s\000i\000t\000a\000s\000\040\000a\000l\000\040\000C\000M\000A\000T}{section.4}% 14
\BOOKMARK [1][-]{section.5}{\376\377\000C\000o\000m\000p\000a\000r\000a\000c\000i\000\363\000n\000\040\000d\000e\000\040\000d\000e\000s\000e\000m\000p\000e\000\361\000o\000\040\000e\000n\000t\000r\000e\000\040\000g\000r\000u\000p\000o\000s\000\040\000d\000e\000\040\000v\000i\000s\000i\000t\000a\000s}{}% 15
\BOOKMARK [2][-]{subsection.5.1}{\376\377\000M\000e\000d\000i\000c\000i\000\363\000n\000\040\000c\000o\000m\000p\000a\000r\000a\000b\000l\000e\000\040\000d\000e\000l\000\040\000d\000e\000s\000e\000m\000p\000e\000\361\000o\000\040\000a\000c\000a\000d\000\351\000m\000i\000c\000o}{section.5}% 16
\BOOKMARK [2][-]{subsection.5.2}{\376\377\000E\000s\000c\000a\000l\000a\000\040\000d\000e\000\040\000c\000o\000m\000p\000a\000r\000a\000c\000i\000\363\000n\000\040\000u\000t\000i\000l\000i\000z\000a\000d\000a}{section.5}% 17
\BOOKMARK [1][-]{section.6}{\376\377\000C\000a\000l\000i\000f\000i\000c\000a\000c\000i\000o\000n\000e\000s}{}% 18
\BOOKMARK [2][-]{subsection.6.1}{\376\377\000I\000n\000t\000e\000r\000p\000r\000e\000t\000a\000c\000i\000\363\000n\000\040\000d\000e\000\040\000l\000a\000\040\000c\000a\000t\000e\000g\000o\000r\000\355\000a\000\040\000`\000`\000s\000i\000n\000\040\000c\000a\000l\000i\000f\000i\000c\000a\000c\000i\000\363\000n\000'\000'}{section.6}% 19
\BOOKMARK [2][-]{subsection.6.2}{\376\377\000C\000o\000m\000p\000a\000r\000a\000c\000i\000\363\000n\000\040\000v\000i\000s\000u\000a\000l\000\040\000d\000e\000\040\000e\000s\000t\000r\000a\000t\000e\000g\000i\000a\000s\000\040\000d\000e\000\040\000i\000m\000p\000u\000t\000a\000c\000i\000\363\000n}{section.6}% 20
\BOOKMARK [2][-]{subsection.6.3}{\376\377\000C\000a\000s\000o\000s\000\040\000e\000s\000p\000e\000c\000i\000a\000l\000e\000s\000:\000\040\000d\000i\000s\000t\000r\000i\000b\000u\000c\000i\000\363\000n\000\040\000a\000t\000\355\000p\000i\000c\000a\000\040\000y\000\040\000r\000a\000n\000g\000o\000s\000\040\000t\000r\000u\000n\000c\000a\000d\000o\000s}{section.6}% 21
\BOOKMARK [2][-]{subsection.6.4}{\376\377\000E\000s\000t\000a\000n\000d\000a\000r\000i\000z\000a\000c\000i\000\363\000n\000\040\000p\000o\000s\000t\000e\000r\000i\000o\000r\000\040\000a\000\040\000l\000a\000\040\000i\000m\000p\000u\000t\000a\000c\000i\000\363\000n}{section.6}% 22
\BOOKMARK [2][-]{subsection.6.5}{\376\377\000V\000a\000r\000i\000a\000c\000i\000\363\000n\000\040\000e\000n\000t\000r\000e\000\040\000p\000r\000o\000f\000e\000s\000o\000r\000e\000s\000\040\000e\000n\000\040\000l\000a\000\040\000d\000i\000s\000t\000r\000i\000b\000u\000c\000i\000\363\000n\000\040\000d\000e\000\040\000c\000a\000l\000i\000f\000i\000c\000a\000c\000i\000o\000n\000e\000s}{section.6}% 23
\BOOKMARK [2][-]{subsection.6.6}{\376\377\000D\000i\000s\000t\000a\000n\000c\000i\000a\000s\000\040\000y\000\040\000a\000g\000r\000u\000p\000a\000m\000i\000e\000n\000t\000o\000\040\000e\000n\000t\000r\000e\000\040\000p\000r\000o\000f\000e\000s\000o\000r\000e\000s}{section.6}% 24
\BOOKMARK [2][-]{subsection.6.7}{\376\377\000D\000i\000s\000t\000r\000i\000b\000u\000c\000i\000o\000n\000e\000s\000\040\000p\000o\000r\000\040\000p\000r\000o\000f\000e\000s\000o\000r\000:\000\040\000e\000s\000c\000e\000n\000a\000r\000i\000o\000s\000\040\000c\000o\000m\000p\000a\000r\000a\000b\000l\000e\000s}{section.6}% 25
\BOOKMARK [1][-]{section.7}{\376\377\000J\000u\000s\000t\000i\000f\000i\000c\000a\000c\000i\000\363\000n\000\040\000d\000e\000\040\000l\000a\000\040\000e\000s\000t\000a\000n\000d\000a\000r\000i\000z\000a\000c\000i\000\363\000n\000\040\000p\000o\000r\000\040\000a\000u\000l\000a}{}% 26
\BOOKMARK [1][-]{section.8}{\376\377\000A\000n\000\341\000l\000i\000s\000i\000s\000\040\000p\000o\000r\000\040\000a\000u\000l\000a\000\040\000\050\000a\000g\000r\000e\000g\000a\000d\000o\000\040\000p\000o\000r\000\040\000s\000a\000l\000\363\000n\000\051}{}% 27
\BOOKMARK [2][-]{subsection.8.1}{\376\377\000R\000e\000l\000a\000c\000i\000\363\000n\000\040\000e\000n\000t\000r\000e\000\040\000v\000i\000s\000i\000t\000a\000s\000\040\000y\000\040\000Z\000-\000s\000c\000o\000r\000e\000:\000\040\000d\000i\000s\000p\000e\000r\000s\000i\000\363\000n}{section.8}% 28
\BOOKMARK [2][-]{subsection.8.2}{\376\377\000C\000o\000m\000p\000a\000r\000a\000c\000i\000o\000n\000\040\000d\000e\000\040\000m\000e\000d\000i\000a\000s\000\040\000c\000o\000n\000\040\000p\000r\000u\000e\000b\000a\000\040\000t\000\040\000d\000e\000\040\000W\000e\000l\000c\000h}{section.8}% 29
\BOOKMARK [2][-]{subsection.8.3}{\376\377\000P\000r\000u\000e\000b\000a\000s\000\040\000r\000o\000b\000u\000s\000t\000a\000s\000\040\000y\000\040\000t\000a\000m\000a\000\361\000o\000s\000\040\000d\000e\000\040\000e\000f\000e\000c\000t\000o}{section.8}% 30
\BOOKMARK [1][-]{section.9}{\376\377\000A\000n\000\341\000l\000i\000s\000i\000s\000\040\000p\000o\000r\000\040\000e\000s\000t\000u\000d\000i\000a\000n\000t\000e\000\040\000\050\000i\000n\000d\000i\000v\000i\000d\000u\000a\000l\000\051}{}% 31
\BOOKMARK [2][-]{subsection.9.1}{\376\377\000R\000e\000l\000a\000c\000i\000\363\000n\000\040\000e\000n\000t\000r\000e\000\040\000v\000i\000s\000i\000t\000a\000s\000\040\000y\000\040\000Z\000-\000s\000c\000o\000r\000e\000:\000\040\000d\000i\000s\000p\000e\000r\000s\000i\000\363\000n}{section.9}% 32
\BOOKMARK [2][-]{subsection.9.2}{\376\377\000C\000o\000m\000p\000a\000r\000a\000c\000i\000o\000n\000\040\000d\000e\000\040\000m\000e\000d\000i\000a\000s\000\040\000c\000o\000n\000\040\000W\000e\000l\000c\000h\000\040\000t}{section.9}% 33
\BOOKMARK [2][-]{subsection.9.3}{\376\377\000P\000r\000u\000e\000b\000a\000s\000\040\000r\000o\000b\000u\000s\000t\000a\000s\000,\000\040\000t\000a\000m\000a\000\361\000o\000s\000\040\000d\000e\000\040\000e\000f\000e\000c\000t\000o\000\040\000e\000\040\000I\000C\0009\0005\000\045}{section.9}% 34
\BOOKMARK [1][-]{section.10}{\376\377\000D\000e\000s\000e\000m\000p\000e\000\361\000o\000\040\000a\000g\000r\000e\000g\000a\000d\000o\000\040\000p\000o\000r\000\040\000n\000\372\000m\000e\000r\000o\000\040\000d\000e\000\040\000v\000i\000s\000i\000t\000a\000s}{}% 35
\BOOKMARK [2][-]{subsection.10.1}{\376\377\000A\000g\000r\000e\000g\000a\000c\000i\000o\000n\000\040\000d\000e\000\040\000Z\000\040\000p\000r\000o\000m\000e\000d\000i\000o\000\040\000p\000o\000r\000\040\000v\000i\000s\000i\000t\000a\000s\000\040\000c\000o\000n\000\040\000I\000C\0009\0005\000\045}{section.10}% 36
\BOOKMARK [1][-]{section.11}{\376\377\000C\000o\000n\000c\000l\000u\000s\000i\000o\000n\000e\000s}{}% 37
\BOOKMARK [2][-]{subsection.11.1}{\376\377\000S\000\355\000n\000t\000e\000s\000i\000s\000\040\000i\000n\000t\000e\000r\000p\000r\000e\000t\000a\000t\000i\000v\000a}{section.11}% 38
\BOOKMARK [2][-]{subsection.11.2}{\376\377\000A\000l\000c\000a\000n\000c\000e\000s\000\040\000y\000\040\000l\000\355\000m\000i\000t\000e\000s}{section.11}% 39
\BOOKMARK [1][-]{appendix.Alph1}{\376\377\000A\000p\000\351\000n\000d\000i\000c\000e\000\040\000m\000e\000t\000o\000d\000o\000l\000\363\000g\000i\000c\000o\000\040\000d\000e\000\040\000t\000\351\000c\000n\000i\000c\000a\000s\000\040\000e\000s\000t\000a\000d\000\355\000s\000t\000i\000c\000a\000s\000\040\000y\000\040\000d\000e\000\040\000a\000p\000r\000e\000n\000d\000i\000z\000a\000j\000e\000\040\000n\000o\000\040\000s\000u\000p\000e\000r\000v\000i\000s\000a\000d\000o}{}% 40
\BOOKMARK [2][-]{subsection.Alph1.1}{\376\377\000N\000o\000t\000a\000c\000i\000\363\000n\000\040\000g\000e\000n\000e\000r\000a\000l}{appendix.Alph1}% 41
\BOOKMARK [2][-]{subsection.Alph1.2}{\376\377\000E\000s\000t\000a\000n\000d\000a\000r\000i\000z\000a\000c\000i\000\363\000n\000\040\000p\000o\000r\000\040\000a\000u\000l\000a}{appendix.Alph1}% 42
\BOOKMARK [2][-]{subsection.Alph1.3}{\376\377\000T\000r\000a\000t\000a\000m\000i\000e\000n\000t\000o\000\040\000d\000e\000\040\000f\000a\000l\000t\000a\000n\000t\000e\000s\000\040\000e\000\040\000i\000m\000p\000u\000t\000a\000c\000i\000\363\000n\000\040\000p\000o\000r\000\040\000K\000D\000E}{appendix.Alph1}% 43
\BOOKMARK [2][-]{subsection.Alph1.4}{\376\377\000C\000u\000r\000v\000a\000s\000\040\000d\000e\000\040\000d\000e\000n\000s\000i\000d\000a\000d}{appendix.Alph1}% 44
\BOOKMARK [2][-]{subsection.Alph1.5}{\376\377\000D\000i\000s\000t\000r\000i\000b\000u\000c\000i\000\363\000n\000\040\000a\000c\000u\000m\000u\000l\000a\000d\000a\000,\000\040\000c\000o\000l\000a\000\040\000y\000\040\000c\000o\000n\000t\000i\000n\000u\000a\000c\000i\000\363\000n\000\040\000d\000e\000\040\000v\000i\000s\000i\000t\000a\000s}{appendix.Alph1}% 45
\BOOKMARK [2][-]{subsection.Alph1.6}{\376\377\000C\000o\000n\000c\000e\000n\000t\000r\000a\000c\000i\000\363\000n\000\040\000d\000e\000\040\000v\000i\000s\000i\000t\000a\000s\000:\000\040\000c\000u\000r\000v\000a\000\040\000d\000e\000\040\000L\000o\000r\000e\000n\000z\000\040\000y\000\040\000c\000o\000e\000f\000i\000c\000i\000e\000n\000t\000e\000\040\000d\000e\000\040\000G\000i\000n\000i}{appendix.Alph1}% 46
\BOOKMARK [2][-]{subsection.Alph1.7}{\376\377\000C\000o\000n\000t\000r\000a\000s\000t\000e\000\040\000p\000a\000r\000a\000m\000\351\000t\000r\000i\000c\000o\000\040\000d\000e\000\040\000m\000e\000d\000i\000a\000s\000:\000\040\000p\000r\000u\000e\000b\000a\000\040\000t\000\040\000d\000e\000\040\000W\000e\000l\000c\000h}{appendix.Alph1}% 47
\BOOKMARK [2][-]{subsection.Alph1.8}{\376\377\000C\000o\000m\000p\000a\000r\000a\000c\000i\000\363\000n\000\040\000d\000e\000\040\000m\000e\000d\000i\000a\000n\000a\000s\000\040\000y\000\040\000p\000r\000u\000e\000b\000a\000\040\000d\000e\000\040\000p\000e\000r\000m\000u\000t\000a\000c\000i\000\363\000n}{appendix.Alph1}% 48
\BOOKMARK [2][-]{subsection.Alph1.9}{\376\377\000P\000r\000u\000e\000b\000a\000s\000\040\000n\000o\000\040\000p\000a\000r\000a\000m\000\351\000t\000r\000i\000c\000a\000s\000\040\000d\000e\000\040\000r\000a\000n\000g\000o\000s}{appendix.Alph1}% 49
\BOOKMARK [2][-]{subsection.Alph1.10}{\376\377\000T\000a\000m\000a\000\361\000o\000s\000\040\000d\000e\000\040\000e\000f\000e\000c\000t\000o}{appendix.Alph1}% 50
\BOOKMARK [2][-]{subsection.Alph1.11}{\376\377\000I\000n\000t\000e\000r\000v\000a\000l\000o\000s\000\040\000d\000e\000\040\000c\000o\000n\000f\000i\000a\000n\000z\000a}{appendix.Alph1}% 51
\BOOKMARK [2][-]{subsection.Alph1.12}{\376\377\000H\000e\000t\000e\000r\000o\000g\000e\000n\000e\000i\000d\000a\000d\000\040\000e\000n\000t\000r\000e\000\040\000d\000i\000s\000t\000r\000i\000b\000u\000c\000i\000o\000n\000e\000s\000\040\000d\000o\000c\000e\000n\000t\000e\000s}{appendix.Alph1}% 52
\BOOKMARK [2][-]{subsection.Alph1.13}{\376\377\000A\000g\000r\000u\000p\000a\000m\000i\000e\000n\000t\000o\000\040\000m\000e\000d\000i\000a\000n\000t\000e\000\040\000k\000-\000m\000e\000d\000o\000i\000d\000s}{appendix.Alph1}% 53
\BOOKMARK [2][-]{subsection.Alph1.14}{\376\377\000C\000r\000i\000t\000e\000r\000i\000o\000s\000\040\000d\000e\000\040\000s\000e\000l\000e\000c\000c\000i\000\363\000n\000\040\000d\000e\000l\000\040\000n\000\372\000m\000e\000r\000o\000\040\000d\000e\000\040\000g\000r\000u\000p\000o\000s}{appendix.Alph1}% 54
\BOOKMARK [2][-]{subsection.Alph1.15}{\376\377\000A\000l\000c\000a\000n\000c\000e\000\040\000i\000n\000f\000e\000r\000e\000n\000c\000i\000a\000l}{appendix.Alph1}% 55
