This is pdfTeX, Version 3.141592653-2.6-1.40.29 (MiKTeX 26.2) (preloaded format=pdflatex 2026.3.10)  12 MAR 2026 15:11
entering extended mode
 restricted \write18 enabled.
 %&-line parsing enabled.
**./reporte_graficos_cmat.tex
(reporte_graficos_cmat.tex
LaTeX2e <2025-11-01>
L3 programming layer <2026-01-19>
(C:\Users\herie\AppData\Local\Programs\MiKTeX\tex/latex/base\article.cls
Document Class: article 2025/01/22 v1.4n Standard LaTeX document class
(C:\Users\herie\AppData\Local\Programs\MiKTeX\tex/latex/base\size12.clo
File: size12.clo 2025/01/22 v1.4n Standard LaTeX file (size option)
)
\c@part=\count275
\c@section=\count276
\c@subsection=\count277
\c@subsubsection=\count278
\c@paragraph=\count279
\c@subparagraph=\count280
\c@figure=\count281
\c@table=\count282
\abovecaptionskip=\skip49
\belowcaptionskip=\skip50
\bibindent=\dimen148
)
(C:\Users\herie\AppData\Local\Programs\MiKTeX\tex/latex/base\fontenc.sty
Package: fontenc 2025/07/18 v2.1d Standard LaTeX package
)
(C:\Users\herie\AppData\Local\Programs\MiKTeX\tex/latex/base\inputenc.sty
Package: inputenc 2024/02/08 v1.3d Input encoding file
\inpenc@prehook=\toks17
\inpenc@posthook=\toks18
)
(C:\Users\herie\AppData\Local\Programs\MiKTeX\tex/generic/babel\babel.sty
Package: babel 2026/02/14 v26.3 The multilingual framework for LuaLaTeX, pdfLaT
eX and XeLaTeX
\babel@savecnt=\count283
LaTeX Encoding Info:    Redeclaring text command \ij (encoding OT1) on input li
ne 2078.
LaTeX Encoding Info:    Redeclaring text command \IJ (encoding OT1) on input li
ne 2080.
LaTeX Encoding Info:    Redeclaring text command \ij (encoding T1) on input lin
e 2082.
LaTeX Encoding Info:    Redeclaring text command \IJ (encoding T1) on input lin
e 2083.
LaTeX Encoding Info:    Ignoring declaration for text command \ij (encoding ?) 
on input line 2084.
LaTeX Encoding Info:    Ignoring declaration for text command \IJ (encoding ?) 
on input line 2086.
LaTeX Encoding Info:    Ignoring declaration for text command \SS (encoding ?) 
on input line 2111.
\U@D=\dimen149
\l@unhyphenated=\language79

(C:\Users\herie\AppData\Local\Programs\MiKTeX\tex/generic/babel\txtbabel.def)
\bbl@readstream=\read2
\bbl@dirlevel=\count284
Package babel Info: Configuration files are deprecated, as
(babel)             they can break document portability.
(babel)             Reported on input line 4206.

*************************************
* Local config file bblopts.cfg used
*
(C:\Users\herie\AppData\Local\Programs\MiKTeX\tex/latex/arabi\bblopts.cfg
File: bblopts.cfg 2005/09/08 v0.1 add Arabic and Farsi to "declared" options of
 babel
)
(C:\Users\herie\AppData\Local\Programs\MiKTeX\tex/generic/babel/locale/es\babel
-spanish.tex)
Package babel Info: Importing font and identification data for spanish
(babel)             from babel-es.ini. Reported on input line 4330.

(C:\Users\herie\AppData\Local\Programs\MiKTeX\tex/latex/babel-spanish\spanish.l
df
Language: spanish.ldf 2021/05/27 v5.0q Spanish support from the babel system
\es@quottoks=\toks19
\es@quotdepth=\count285
Package babel Info: Making " an active character on input line 570.
Package babel Info: Making < an active character on input line 722.
Package babel Info: Making > an active character on input line 722.
))
LaTeX Encoding Info:    Redeclaring text command \guillemotleft (encoding OT1) 
on input line 6.
LaTeX Encoding Info:    Redeclaring text command \guillemotright (encoding OT1)
 on input line 6.

(C:\Users\herie\AppData\Local\Programs\MiKTeX\tex/latex/graphics\graphicx.sty
Package: graphicx 2024/12/31 v1.2e Enhanced LaTeX Graphics (DPC,SPQR)

(C:\Users\herie\AppData\Local\Programs\MiKTeX\tex/latex/graphics\keyval.sty
Package: keyval 2022/05/29 v1.15 key=value parser (DPC)
\KV@toks@=\toks20
)
(C:\Users\herie\AppData\Local\Programs\MiKTeX\tex/latex/graphics\graphics.sty
Package: graphics 2024/08/06 v1.4g Standard LaTeX Graphics (DPC,SPQR)

(C:\Users\herie\AppData\Local\Programs\MiKTeX\tex/latex/graphics\trig.sty
Package: trig 2023/12/02 v1.11 sin cos tan (DPC)
)
(C:\Users\herie\AppData\Local\Programs\MiKTeX\tex/latex/graphics-cfg\graphics.c
fg
File: graphics.cfg 2016/06/04 v1.11 sample graphics configuration
)
Package graphics Info: Driver file: pdftex.def on input line 106.

(C:\Users\herie\AppData\Local\Programs\MiKTeX\tex/latex/graphics-def\pdftex.def
File: pdftex.def 2025/09/29 v1.2d Graphics/color driver for pdftex
))
\Gin@req@height=\dimen150
\Gin@req@width=\dimen151
)
(C:\Users\herie\AppData\Local\Programs\MiKTeX\tex/latex/geometry\geometry.sty
Package: geometry 2020/01/02 v5.9 Page Geometry

(C:\Users\herie\AppData\Local\Programs\MiKTeX\tex/generic/iftex\ifvtex.sty
Package: ifvtex 2019/10/25 v1.7 ifvtex legacy package. Use iftex instead.

(C:\Users\herie\AppData\Local\Programs\MiKTeX\tex/generic/iftex\iftex.sty
Package: iftex 2024/12/12 v1.0g TeX engine tests
))
\Gm@cnth=\count286
\Gm@cntv=\count287
\c@Gm@tempcnt=\count288
\Gm@bindingoffset=\dimen152
\Gm@wd@mp=\dimen153
\Gm@odd@mp=\dimen154
\Gm@even@mp=\dimen155
\Gm@layoutwidth=\dimen156
\Gm@layoutheight=\dimen157
\Gm@layouthoffset=\dimen158
\Gm@layoutvoffset=\dimen159
\Gm@dimlist=\toks21

(C:\Users\herie\AppData\Local\Programs\MiKTeX\tex/latex/geometry\geometry.cfg))
(C:\Users\herie\AppData\Local\Programs\MiKTeX\tex/latex/float\float.sty
Package: float 2001/11/08 v1.3d Float enhancements (AL)
\c@float@type=\count289
\float@exts=\toks22
\float@box=\box53
\@float@everytoks=\toks23
\@floatcapt=\box54
)
(C:\Users\herie\AppData\Local\Programs\MiKTeX\tex/latex/caption\caption.sty
Package: caption 2023/08/05 v3.6o Customizing captions (AR)

(C:\Users\herie\AppData\Local\Programs\MiKTeX\tex/latex/caption\caption3.sty
Package: caption3 2023/07/31 v2.4d caption3 kernel (AR)
\caption@tempdima=\dimen160
\captionmargin=\dimen161
\caption@leftmargin=\dimen162
\caption@rightmargin=\dimen163
\caption@width=\dimen164
\caption@indent=\dimen165
\caption@parindent=\dimen166
\caption@hangindent=\dimen167
Package caption Info: Standard document class detected.
)
\c@caption@flags=\count290
\c@continuedfloat=\count291
Package caption Info: float package is loaded.
)
(C:\Users\herie\AppData\Local\Programs\MiKTeX\tex/latex/placeins\placeins.sty
Package: placeins 2005/04/18  v 2.2
)
(C:\Users\herie\AppData\Local\Programs\MiKTeX\tex/latex/hyperref\hyperref.sty
Package: hyperref 2026-01-29 v7.01p Hypertext links for LaTeX

(C:\Users\herie\AppData\Local\Programs\MiKTeX\tex/latex/kvsetkeys\kvsetkeys.sty
Package: kvsetkeys 2022-10-05 v1.19 Key value parser (HO)
)
(C:\Users\herie\AppData\Local\Programs\MiKTeX\tex/generic/kvdefinekeys\kvdefine
keys.sty
Package: kvdefinekeys 2019-12-19 v1.6 Define keys (HO)
)
(C:\Users\herie\AppData\Local\Programs\MiKTeX\tex/generic/pdfescape\pdfescape.s
ty
Package: pdfescape 2019/12/09 v1.15 Implements pdfTeX's escape features (HO)

(C:\Users\herie\AppData\Local\Programs\MiKTeX\tex/generic/ltxcmds\ltxcmds.sty
Package: ltxcmds 2023-12-04 v1.26 LaTeX kernel commands for general use (HO)
)
(C:\Users\herie\AppData\Local\Programs\MiKTeX\tex/generic/pdftexcmds\pdftexcmds
.sty
Package: pdftexcmds 2020-06-27 v0.33 Utility functions of pdfTeX for LuaTeX (HO
)

(C:\Users\herie\AppData\Local\Programs\MiKTeX\tex/generic/infwarerr\infwarerr.s
ty
Package: infwarerr 2019/12/03 v1.5 Providing info/warning/error messages (HO)
)
Package pdftexcmds Info: \pdf@primitive is available.
Package pdftexcmds Info: \pdf@ifprimitive is available.
Package pdftexcmds Info: \pdfdraftmode found.
))
(C:\Users\herie\AppData\Local\Programs\MiKTeX\tex/latex/hycolor\hycolor.sty
Package: hycolor 2020-01-27 v1.10 Color options for hyperref/bookmark (HO)
)
(C:\Users\herie\AppData\Local\Programs\MiKTeX\tex/latex/hyperref\nameref.sty
Package: nameref 2026-01-29 v2.58 Cross-referencing by name of section

(C:\Users\herie\AppData\Local\Programs\MiKTeX\tex/latex/refcount\refcount.sty
Package: refcount 2019/12/15 v3.6 Data extraction from label references (HO)
)
(C:\Users\herie\AppData\Local\Programs\MiKTeX\tex/generic/gettitlestring\gettit
lestring.sty
Package: gettitlestring 2019/12/15 v1.6 Cleanup title references (HO)

(C:\Users\herie\AppData\Local\Programs\MiKTeX\tex/latex/kvoptions\kvoptions.sty
Package: kvoptions 2022-06-15 v3.15 Key value format for package options (HO)
))
\c@section@level=\count292
)
(C:\Users\herie\AppData\Local\Programs\MiKTeX\tex/latex/etoolbox\etoolbox.sty
Package: etoolbox 2025/10/02 v2.5m e-TeX tools for LaTeX (JAW)
\etb@tempcnta=\count293
)
(C:\Users\herie\AppData\Local\Programs\MiKTeX\tex/generic/stringenc\stringenc.s
ty
Package: stringenc 2019/11/29 v1.12 Convert strings between diff. encodings (HO
)
)
\@linkdim=\dimen168
\Hy@linkcounter=\count294
\Hy@pagecounter=\count295
 (C:\Users\herie\AppData\Local\Programs\MiKTeX\tex/latex/hyperref\pd1enc.def
File: pd1enc.def 2026-01-29 v7.01p Hyperref: PDFDocEncoding definition (HO)
Now handling font encoding PD1 ...
... no UTF-8 mapping file for font encoding PD1
) (C:\Users\herie\AppData\Local\Programs\MiKTeX\tex/generic/intcalc\intcalc.sty
Package: intcalc 2019/12/15 v1.3 Expandable calculations with integers (HO)
)
\Hy@SavedSpaceFactor=\count296
 (C:\Users\herie\AppData\Local\Programs\MiKTeX\tex/latex/hyperref\puenc.def
File: puenc.def 2026-01-29 v7.01p Hyperref: PDF Unicode definition (HO)
Now handling font encoding PU ...
... no UTF-8 mapping file for font encoding PU
)
Package hyperref Info: Hyper figures OFF on input line 4201.
Package hyperref Info: Link nesting OFF on input line 4206.
Package hyperref Info: Hyper index ON on input line 4209.
Package hyperref Info: Plain pages OFF on input line 4216.
Package hyperref Info: Backreferencing OFF on input line 4221.
Package hyperref Info: Implicit mode ON; LaTeX internals redefined.
Package hyperref Info: Bookmarks ON on input line 4468.
\c@Hy@tempcnt=\count297

(C:\Users\herie\AppData\Local\Programs\MiKTeX\tex/latex/url\url.sty
\Urlmuskip=\muskip17
Package: url 2013/09/16  ver 3.4  Verb mode for urls, etc.
)
LaTeX Info: Redefining \url on input line 4807.
\XeTeXLinkMargin=\dimen169

(C:\Users\herie\AppData\Local\Programs\MiKTeX\tex/generic/bitset\bitset.sty
Package: bitset 2019/12/09 v1.3 Handle bit-vector datatype (HO)

(C:\Users\herie\AppData\Local\Programs\MiKTeX\tex/generic/bigintcalc\bigintcalc
.sty
Package: bigintcalc 2019/12/15 v1.5 Expandable calculations on big integers (HO
)
))
\Fld@menulength=\count298
\Field@Width=\dimen170
\Fld@charsize=\dimen171
Package hyperref Info: Hyper figures OFF on input line 6084.
Package hyperref Info: Link nesting OFF on input line 6089.
Package hyperref Info: Hyper index ON on input line 6092.
Package hyperref Info: backreferencing OFF on input line 6099.
Package hyperref Info: Link coloring OFF on input line 6104.
Package hyperref Info: Link coloring with OCG OFF on input line 6109.
Package hyperref Info: PDF/A mode OFF on input line 6114.
\Hy@abspage=\count299
\c@Item=\count300
\c@Hfootnote=\count301
)
Package hyperref Info: Driver (autodetected): hpdftex.

(C:\Users\herie\AppData\Local\Programs\MiKTeX\tex/latex/hyperref\hpdftex.def
File: hpdftex.def 2026-01-29 v7.01p Hyperref driver for pdfTeX
\Fld@listcount=\count302
\c@bookmark@seq@number=\count303

(C:\Users\herie\AppData\Local\Programs\MiKTeX\tex/latex/rerunfilecheck\rerunfil
echeck.sty
Package: rerunfilecheck 2025-06-21 v1.11 Rerun checks for auxiliary files (HO)

(C:\Users\herie\AppData\Local\Programs\MiKTeX\tex/generic/uniquecounter\uniquec
ounter.sty
Package: uniquecounter 2019/12/15 v1.4 Provide unlimited unique counter (HO)
)
Package uniquecounter Info: New unique counter `rerunfilecheck' on input line 2
84.
)
\Hy@SectionHShift=\skip51
)
(C:\Users\herie\AppData\Local\Programs\MiKTeX\tex/latex/l3backend\l3backend-pdf
tex.def
File: l3backend-pdftex.def 2025-10-09 L3 backend support: PDF output (pdfTeX)
\l__color_backend_stack_int=\count304
) (reporte_graficos_cmat.aux
LaTeX Info: Redefining \. on input line 11.
LaTeX Info: Redefining \% on input line 11.
Package babel Info: 'spanish' activates 'spanish' shorthands.
(babel)             Reported on input line 11.
)
\openout1 = `reporte_graficos_cmat.aux'.

LaTeX Font Info:    Checking defaults for OML/cmm/m/it on input line 39.
LaTeX Font Info:    ... okay on input line 39.
LaTeX Font Info:    Checking defaults for OMS/cmsy/m/n on input line 39.
LaTeX Font Info:    ... okay on input line 39.
LaTeX Font Info:    Checking defaults for OT1/cmr/m/n on input line 39.
LaTeX Font Info:    ... okay on input line 39.
LaTeX Font Info:    Checking defaults for T1/cmr/m/n on input line 39.
LaTeX Font Info:    ... okay on input line 39.
LaTeX Font Info:    Checking defaults for TS1/cmr/m/n on input line 39.
LaTeX Font Info:    ... okay on input line 39.
LaTeX Font Info:    Checking defaults for OMX/cmex/m/n on input line 39.
LaTeX Font Info:    ... okay on input line 39.
LaTeX Font Info:    Checking defaults for U/cmr/m/n on input line 39.
LaTeX Font Info:    ... okay on input line 39.
LaTeX Font Info:    Checking defaults for PD1/pdf/m/n on input line 39.
LaTeX Font Info:    ... okay on input line 39.
LaTeX Font Info:    Checking defaults for PU/pdf/m/n on input line 39.
LaTeX Font Info:    ... okay on input line 39.
LaTeX Info: Redefining \. on input line 39.
LaTeX Info: Redefining \% on input line 39.

(C:\Users\herie\AppData\Local\Programs\MiKTeX\tex/context/base/mkii\supp-pdf.mk
ii
[Loading MPS to PDF converter (version 2006.09.02).]
\scratchcounter=\count305
\scratchdimen=\dimen172
\scratchbox=\box55
\nofMPsegments=\count306
\nofMParguments=\count307
\everyMPshowfont=\toks24
\MPscratchCnt=\count308
\MPscratchDim=\dimen173
\MPnumerator=\count309
\makeMPintoPDFobject=\count310
\everyMPtoPDFconversion=\toks25
)
(C:\Users\herie\AppData\Local\Programs\MiKTeX\tex/latex/epstopdf-pkg\epstopdf-b
ase.sty
Package: epstopdf-base 2020-01-24 v2.11 Base part for package epstopdf
Package epstopdf-base Info: Redefining graphics rule for `.eps' on input line 4
85.

(C:\Users\herie\AppData\Local\Programs\MiKTeX\tex/latex/00miktex\epstopdf-sys.c
fg
File: epstopdf-sys.cfg 2021/03/18 v2.0 Configuration of epstopdf for MiKTeX
))
*geometry* driver: auto-detecting
*geometry* detected driver: pdftex
*geometry* verbose mode - [ preamble ] result:
* driver: pdftex
* paper: a4paper
* layout: <same size as paper>
* layoutoffset:(h,v)=(0.0pt,0.0pt)
* modes: 
* h-part:(L,W,R)=(71.13188pt, 455.24411pt, 71.13188pt)
* v-part:(T,H,B)=(71.13188pt, 702.78308pt, 71.13188pt)
* \paperwidth=597.50787pt
* \paperheight=845.04684pt
* \textwidth=455.24411pt
* \textheight=702.78308pt
* \oddsidemargin=-1.1381pt
* \evensidemargin=-1.1381pt
* \topmargin=-38.1381pt
* \headheight=12.0pt
* \headsep=25.0pt
* \topskip=12.0pt
* \footskip=30.0pt
* \marginparwidth=44.0pt
* \marginparsep=10.0pt
* \columnsep=10.0pt
* \skip\footins=10.8pt plus 4.0pt minus 2.0pt
* \hoffset=0.0pt
* \voffset=0.0pt
* \mag=1000
* \@twocolumnfalse
* \@twosidefalse
* \@mparswitchfalse
* \@reversemarginfalse
* (1in=72.27pt=25.4mm, 1cm=28.453pt)

Package caption Info: Begin \AtBeginDocument code.
Package caption Info: hyperref package is loaded.
Package caption Info: End \AtBeginDocument code.
Package hyperref Info: Link coloring OFF on input line 39.
(reporte_graficos_cmat.out) (reporte_graficos_cmat.out)
\@outlinefile=\write3
\openout3 = `reporte_graficos_cmat.out'.

LaTeX Font Info:    External font `cmex10' loaded for size
(Font)              <14.4> on input line 42.
LaTeX Font Info:    External font `cmex10' loaded for size
(Font)              <7> on input line 42.

(reporte_graficos_cmat.toc
LaTeX Info: Redefining \. on input line 1.
LaTeX Info: Redefining \% on input line 1.
LaTeX Font Info:    External font `cmex10' loaded for size
(Font)              <12> on input line 5.
LaTeX Font Info:    External font `cmex10' loaded for size
(Font)              <8> on input line 5.
LaTeX Font Info:    External font `cmex10' loaded for size
(Font)              <6> on input line 5.
 [1

{C:/Users/herie/AppData/Local/MiKTeX/fonts/map/pdftex/pdftex.map}])
\tf@toc=\write4
\openout4 = `reporte_graficos_cmat.toc'.

 [2] [3]
<graficos CMAT/graficos CMAT/2019/Álgebra_Lineal_2019.png, id=407, 903.375pt x
 419.166pt>
File: graficos CMAT/graficos CMAT/2019/Álgebra_Lineal_2019.png Graphic file (t
ype png)
<use graficos CMAT/graficos CMAT/2019/Álgebra_Lineal_2019.png>
Package pdftex.def Info: graficos CMAT/graficos CMAT/2019/Álgebra_Lineal_2019.
png  used on input line 58.
(pdftex.def)             Requested size: 409.71692pt x 190.1132pt.
 [4 <./graficos CMAT/graficos CMAT/2019/Álgebra_Lineal_2019.png>]
<graficos CMAT/graficos CMAT/2019/Cálculo_I_2019.png, id=417, 903.375pt x 419.
166pt>
File: graficos CMAT/graficos CMAT/2019/Cálculo_I_2019.png Graphic file (type p
ng)
<use graficos CMAT/graficos CMAT/2019/Cálculo_I_2019.png>
Package pdftex.def Info: graficos CMAT/graficos CMAT/2019/Cálculo_I_2019.png  
used on input line 59.
(pdftex.def)             Requested size: 409.71692pt x 190.1132pt.
<graficos CMAT/graficos CMAT/2019/Cálculo_II_2019.png, id=418, 903.375pt x 419
.166pt>
File: graficos CMAT/graficos CMAT/2019/Cálculo_II_2019.png Graphic file (type 
png)
<use graficos CMAT/graficos CMAT/2019/Cálculo_II_2019.png>
Package pdftex.def Info: graficos CMAT/graficos CMAT/2019/Cálculo_II_2019.png 
 used on input line 60.
(pdftex.def)             Requested size: 409.71692pt x 190.1132pt.
 [5 <./graficos CMAT/graficos CMAT/2019/Cálculo_I_2019.png> <./graficos CMAT/g
raficos CMAT/2019/Cálculo_II_2019.png>]
<graficos CMAT/graficos CMAT/2019/Ecuaciones_Diferenciales_Ordinarias_2019.png,
 id=427, 903.375pt x 419.166pt>
File: graficos CMAT/graficos CMAT/2019/Ecuaciones_Diferenciales_Ordinarias_2019
.png Graphic file (type png)
<use graficos CMAT/graficos CMAT/2019/Ecuaciones_Diferenciales_Ordinarias_2019.
png>
Package pdftex.def Info: graficos CMAT/graficos CMAT/2019/Ecuaciones_Diferencia
les_Ordinarias_2019.png  used on input line 61.
(pdftex.def)             Requested size: 409.71692pt x 190.1132pt.
<graficos CMAT/graficos CMAT/2019/Estadística_Inferencial_2019.png, id=428, 90
3.375pt x 419.166pt>
File: graficos CMAT/graficos CMAT/2019/Estadística_Inferencial_2019.png Graphi
c file (type png)
<use graficos CMAT/graficos CMAT/2019/Estadística_Inferencial_2019.png>
Package pdftex.def Info: graficos CMAT/graficos CMAT/2019/Estadística_Inferenc
ial_2019.png  used on input line 62.
(pdftex.def)             Requested size: 409.71692pt x 190.1132pt.
 [6 <./graficos CMAT/graficos CMAT/2019/Ecuaciones_Diferenciales_Ordinarias_201
9.png> <./graficos CMAT/graficos CMAT/2019/Estadística_Inferencial_2019.png>]
<graficos CMAT/graficos CMAT/2019/Estadística_Para_Ciencias_De_La_Salud_2019.p
ng, id=437, 903.375pt x 419.166pt>
File: graficos CMAT/graficos CMAT/2019/Estadística_Para_Ciencias_De_La_Salud_2
019.png Graphic file (type png)
<use graficos CMAT/graficos CMAT/2019/Estadística_Para_Ciencias_De_La_Salud_20
19.png>
Package pdftex.def Info: graficos CMAT/graficos CMAT/2019/Estadística_Para_Cie
ncias_De_La_Salud_2019.png  used on input line 63.
(pdftex.def)             Requested size: 409.71692pt x 190.1132pt.
<graficos CMAT/graficos CMAT/2019/Estadística_Para_Ciencias_Sociales_2019.png,
 id=438, 903.375pt x 419.166pt>
File: graficos CMAT/graficos CMAT/2019/Estadística_Para_Ciencias_Sociales_2019
.png Graphic file (type png)
<use graficos CMAT/graficos CMAT/2019/Estadística_Para_Ciencias_Sociales_2019.
png>
Package pdftex.def Info: graficos CMAT/graficos CMAT/2019/Estadística_Para_Cie
ncias_Sociales_2019.png  used on input line 64.
(pdftex.def)             Requested size: 409.71692pt x 190.1132pt.
 [7 <./graficos CMAT/graficos CMAT/2019/Estadística_Para_Ciencias_De_La_Salud_
2019.png> <./graficos CMAT/graficos CMAT/2019/Estadística_Para_Ciencias_Social
es_2019.png>]
<graficos CMAT/graficos CMAT/2019/Estadística_Para_Negocios_2019.png, id=448, 
903.375pt x 419.166pt>
File: graficos CMAT/graficos CMAT/2019/Estadística_Para_Negocios_2019.png Grap
hic file (type png)
<use graficos CMAT/graficos CMAT/2019/Estadística_Para_Negocios_2019.png>
Package pdftex.def Info: graficos CMAT/graficos CMAT/2019/Estadística_Para_Neg
ocios_2019.png  used on input line 65.
(pdftex.def)             Requested size: 409.71692pt x 190.1132pt.
<graficos CMAT/graficos CMAT/2019/Matemáticas_Universitarias_2019.png, id=449,
 903.375pt x 419.166pt>
File: graficos CMAT/graficos CMAT/2019/Matemáticas_Universitarias_2019.png Gra
phic file (type png)
<use graficos CMAT/graficos CMAT/2019/Matemáticas_Universitarias_2019.png>
Package pdftex.def Info: graficos CMAT/graficos CMAT/2019/Matemáticas_Universi
tarias_2019.png  used on input line 66.
(pdftex.def)             Requested size: 409.71692pt x 190.1132pt.
 [8 <./graficos CMAT/graficos CMAT/2019/Estadística_Para_Negocios_2019.png> <.
/graficos CMAT/graficos CMAT/2019/Matemáticas_Universitarias_2019.png>]
<graficos CMAT/graficos CMAT/2019/Teoría_De_Matrices_2019.png, id=458, 903.375
pt x 419.166pt>
File: graficos CMAT/graficos CMAT/2019/Teoría_De_Matrices_2019.png Graphic fil
e (type png)
<use graficos CMAT/graficos CMAT/2019/Teoría_De_Matrices_2019.png>
Package pdftex.def Info: graficos CMAT/graficos CMAT/2019/Teoría_De_Matrices_2
019.png  used on input line 67.
(pdftex.def)             Requested size: 409.71692pt x 190.1132pt.
<graficos CMAT/graficos CMAT/2020/Álgebra_Lineal_2020.png, id=459, 903.375pt x
 419.166pt>
File: graficos CMAT/graficos CMAT/2020/Álgebra_Lineal_2020.png Graphic file (t
ype png)
<use graficos CMAT/graficos CMAT/2020/Álgebra_Lineal_2020.png>
Package pdftex.def Info: graficos CMAT/graficos CMAT/2020/Álgebra_Lineal_2020.
png  used on input line 71.
(pdftex.def)             Requested size: 409.71692pt x 190.1132pt.
 [9 <./graficos CMAT/graficos CMAT/2019/Teoría_De_Matrices_2019.png> <./grafic
os CMAT/graficos CMAT/2020/Álgebra_Lineal_2020.png>]
<graficos CMAT/graficos CMAT/2020/Cálculo_I_2020.png, id=468, 903.375pt x 419.
166pt>
File: graficos CMAT/graficos CMAT/2020/Cálculo_I_2020.png Graphic file (type p
ng)
<use graficos CMAT/graficos CMAT/2020/Cálculo_I_2020.png>
Package pdftex.def Info: graficos CMAT/graficos CMAT/2020/Cálculo_I_2020.png  
used on input line 72.
(pdftex.def)             Requested size: 409.71692pt x 190.1132pt.
<graficos CMAT/graficos CMAT/2020/Cálculo_II_2020.png, id=469, 903.375pt x 419
.166pt>
File: graficos CMAT/graficos CMAT/2020/Cálculo_II_2020.png Graphic file (type 
png)
<use graficos CMAT/graficos CMAT/2020/Cálculo_II_2020.png>
Package pdftex.def Info: graficos CMAT/graficos CMAT/2020/Cálculo_II_2020.png 
 used on input line 73.
(pdftex.def)             Requested size: 409.71692pt x 190.1132pt.
 [10 <./graficos CMAT/graficos CMAT/2020/Cálculo_I_2020.png> <./graficos CMAT/
graficos CMAT/2020/Cálculo_II_2020.png>]
<graficos CMAT/graficos CMAT/2020/Estadística_Inferencial_2020.png, id=478, 90
3.375pt x 419.166pt>
File: graficos CMAT/graficos CMAT/2020/Estadística_Inferencial_2020.png Graphi
c file (type png)
<use graficos CMAT/graficos CMAT/2020/Estadística_Inferencial_2020.png>
Package pdftex.def Info: graficos CMAT/graficos CMAT/2020/Estadística_Inferenc
ial_2020.png  used on input line 74.
(pdftex.def)             Requested size: 409.71692pt x 190.1132pt.
<graficos CMAT/graficos CMAT/2020/Estadística_Para_Ciencias_De_La_Salud_2020.p
ng, id=479, 903.375pt x 419.166pt>
File: graficos CMAT/graficos CMAT/2020/Estadística_Para_Ciencias_De_La_Salud_2
020.png Graphic file (type png)
<use graficos CMAT/graficos CMAT/2020/Estadística_Para_Ciencias_De_La_Salud_20
20.png>
Package pdftex.def Info: graficos CMAT/graficos CMAT/2020/Estadística_Para_Cie
ncias_De_La_Salud_2020.png  used on input line 75.
(pdftex.def)             Requested size: 409.71692pt x 190.1132pt.

[11 <./graficos CMAT/graficos CMAT/2020/Estadística_Inferencial_2020.png> <./g
raficos CMAT/graficos CMAT/2020/Estadística_Para_Ciencias_De_La_Salud_2020.png
>]
<graficos CMAT/graficos CMAT/2020/Estadística_Para_Ciencias_Sociales_2020.png,
 id=488, 903.375pt x 419.166pt>
File: graficos CMAT/graficos CMAT/2020/Estadística_Para_Ciencias_Sociales_2020
.png Graphic file (type png)
<use graficos CMAT/graficos CMAT/2020/Estadística_Para_Ciencias_Sociales_2020.
png>
Package pdftex.def Info: graficos CMAT/graficos CMAT/2020/Estadística_Para_Cie
ncias_Sociales_2020.png  used on input line 76.
(pdftex.def)             Requested size: 409.71692pt x 190.1132pt.
<graficos CMAT/graficos CMAT/2020/Estadística_Para_Negocios_2020.png, id=489, 
903.375pt x 419.166pt>
File: graficos CMAT/graficos CMAT/2020/Estadística_Para_Negocios_2020.png Grap
hic file (type png)
<use graficos CMAT/graficos CMAT/2020/Estadística_Para_Negocios_2020.png>
Package pdftex.def Info: graficos CMAT/graficos CMAT/2020/Estadística_Para_Neg
ocios_2020.png  used on input line 77.
(pdftex.def)             Requested size: 409.71692pt x 190.1132pt.
 [12 <./graficos CMAT/graficos CMAT/2020/Estadística_Para_Ciencias_Sociales_20
20.png> <./graficos CMAT/graficos CMAT/2020/Estadística_Para_Negocios_2020.png
>]
<graficos CMAT/graficos CMAT/2020/Matemáticas_Universitarias_2020.png, id=498,
 903.375pt x 419.166pt>
File: graficos CMAT/graficos CMAT/2020/Matemáticas_Universitarias_2020.png Gra
phic file (type png)
<use graficos CMAT/graficos CMAT/2020/Matemáticas_Universitarias_2020.png>
Package pdftex.def Info: graficos CMAT/graficos CMAT/2020/Matemáticas_Universi
tarias_2020.png  used on input line 78.
(pdftex.def)             Requested size: 409.71692pt x 190.1132pt.
<graficos CMAT/graficos CMAT/2020/Teoría_De_Matrices_2020.png, id=499, 903.375
pt x 419.166pt>
File: graficos CMAT/graficos CMAT/2020/Teoría_De_Matrices_2020.png Graphic fil
e (type png)
<use graficos CMAT/graficos CMAT/2020/Teoría_De_Matrices_2020.png>
Package pdftex.def Info: graficos CMAT/graficos CMAT/2020/Teoría_De_Matrices_2
020.png  used on input line 79.
(pdftex.def)             Requested size: 409.71692pt x 190.1132pt.
 [13 <./graficos CMAT/graficos CMAT/2020/Matemáticas_Universitarias_2020.png> 
<./graficos CMAT/graficos CMAT/2020/Teoría_De_Matrices_2020.png>]
<graficos CMAT/graficos CMAT/2021/Álgebra_Lineal_2021.png, id=509, 903.375pt x
 419.166pt>
File: graficos CMAT/graficos CMAT/2021/Álgebra_Lineal_2021.png Graphic file (t
ype png)
<use graficos CMAT/graficos CMAT/2021/Álgebra_Lineal_2021.png>
Package pdftex.def Info: graficos CMAT/graficos CMAT/2021/Álgebra_Lineal_2021.
png  used on input line 83.
(pdftex.def)             Requested size: 409.71692pt x 190.1132pt.
<graficos CMAT/graficos CMAT/2021/Cálculo_I_2021.png, id=510, 903.375pt x 419.
166pt>
File: graficos CMAT/graficos CMAT/2021/Cálculo_I_2021.png Graphic file (type p
ng)
<use graficos CMAT/graficos CMAT/2021/Cálculo_I_2021.png>
Package pdftex.def Info: graficos CMAT/graficos CMAT/2021/Cálculo_I_2021.png  
used on input line 84.
(pdftex.def)             Requested size: 409.71692pt x 190.1132pt.
 [14 <./graficos CMAT/graficos CMAT/2021/Álgebra_Lineal_2021.png> <./graficos 
CMAT/graficos CMAT/2021/Cálculo_I_2021.png>]
<graficos CMAT/graficos CMAT/2021/Cálculo_II_2021.png, id=519, 903.375pt x 419
.166pt>
File: graficos CMAT/graficos CMAT/2021/Cálculo_II_2021.png Graphic file (type 
png)
<use graficos CMAT/graficos CMAT/2021/Cálculo_II_2021.png>
Package pdftex.def Info: graficos CMAT/graficos CMAT/2021/Cálculo_II_2021.png 
 used on input line 85.
(pdftex.def)             Requested size: 409.71692pt x 190.1132pt.
<graficos CMAT/graficos CMAT/2021/Estadística_Inferencial_2021.png, id=520, 90
3.375pt x 419.166pt>
File: graficos CMAT/graficos CMAT/2021/Estadística_Inferencial_2021.png Graphi
c file (type png)
<use graficos CMAT/graficos CMAT/2021/Estadística_Inferencial_2021.png>
Package pdftex.def Info: graficos CMAT/graficos CMAT/2021/Estadística_Inferenc
ial_2021.png  used on input line 86.
(pdftex.def)             Requested size: 409.71692pt x 190.1132pt.
 [15 <./graficos CMAT/graficos CMAT/2021/Cálculo_II_2021.png> <./graficos CMAT
/graficos CMAT/2021/Estadística_Inferencial_2021.png>]
<graficos CMAT/graficos CMAT/2021/Estadística_Para_Ciencias_De_La_Salud_2021.p
ng, id=529, 903.375pt x 419.166pt>
File: graficos CMAT/graficos CMAT/2021/Estadística_Para_Ciencias_De_La_Salud_2
021.png Graphic file (type png)
<use graficos CMAT/graficos CMAT/2021/Estadística_Para_Ciencias_De_La_Salud_20
21.png>
Package pdftex.def Info: graficos CMAT/graficos CMAT/2021/Estadística_Para_Cie
ncias_De_La_Salud_2021.png  used on input line 87.
(pdftex.def)             Requested size: 409.71692pt x 190.1132pt.
<graficos CMAT/graficos CMAT/2021/Estadística_Para_Ciencias_Sociales_2021.png,
 id=530, 903.375pt x 419.166pt>
File: graficos CMAT/graficos CMAT/2021/Estadística_Para_Ciencias_Sociales_2021
.png Graphic file (type png)
<use graficos CMAT/graficos CMAT/2021/Estadística_Para_Ciencias_Sociales_2021.
png>
Package pdftex.def Info: graficos CMAT/graficos CMAT/2021/Estadística_Para_Cie
ncias_Sociales_2021.png  used on input line 88.
(pdftex.def)             Requested size: 409.71692pt x 190.1132pt.
 [16 <./graficos CMAT/graficos CMAT/2021/Estadística_Para_Ciencias_De_La_Salud
_2021.png> <./graficos CMAT/graficos CMAT/2021/Estadística_Para_Ciencias_Socia
les_2021.png>]
<graficos CMAT/graficos CMAT/2021/Estadística_Para_Negocios_2021.png, id=539, 
903.375pt x 419.166pt>
File: graficos CMAT/graficos CMAT/2021/Estadística_Para_Negocios_2021.png Grap
hic file (type png)
<use graficos CMAT/graficos CMAT/2021/Estadística_Para_Negocios_2021.png>
Package pdftex.def Info: graficos CMAT/graficos CMAT/2021/Estadística_Para_Neg
ocios_2021.png  used on input line 89.
(pdftex.def)             Requested size: 409.71692pt x 190.1132pt.
<graficos CMAT/graficos CMAT/2021/Matemáticas_Universitarias_2021.png, id=540,
 903.375pt x 419.166pt>
File: graficos CMAT/graficos CMAT/2021/Matemáticas_Universitarias_2021.png Gra
phic file (type png)
<use graficos CMAT/graficos CMAT/2021/Matemáticas_Universitarias_2021.png>
Package pdftex.def Info: graficos CMAT/graficos CMAT/2021/Matemáticas_Universi
tarias_2021.png  used on input line 90.
(pdftex.def)             Requested size: 409.71692pt x 190.1132pt.
 [17 <./graficos CMAT/graficos CMAT/2021/Estadística_Para_Negocios_2021.png> <
./graficos CMAT/graficos CMAT/2021/Matemáticas_Universitarias_2021.png>]
<graficos CMAT/graficos CMAT/2021/Teoría_De_Matrices_2021.png, id=549, 903.375
pt x 419.166pt>
File: graficos CMAT/graficos CMAT/2021/Teoría_De_Matrices_2021.png Graphic fil
e (type png)
<use graficos CMAT/graficos CMAT/2021/Teoría_De_Matrices_2021.png>
Package pdftex.def Info: graficos CMAT/graficos CMAT/2021/Teoría_De_Matrices_2
021.png  used on input line 91.
(pdftex.def)             Requested size: 409.71692pt x 190.1132pt.
<graficos CMAT/graficos CMAT/2022/Álgebra_Lineal_2022.png, id=550, 903.375pt x
 419.166pt>
File: graficos CMAT/graficos CMAT/2022/Álgebra_Lineal_2022.png Graphic file (t
ype png)
<use graficos CMAT/graficos CMAT/2022/Álgebra_Lineal_2022.png>
Package pdftex.def Info: graficos CMAT/graficos CMAT/2022/Álgebra_Lineal_2022.
png  used on input line 95.
(pdftex.def)             Requested size: 409.71692pt x 190.1132pt.
 [18 <./graficos CMAT/graficos CMAT/2021/Teoría_De_Matrices_2021.png> <./grafi
cos CMAT/graficos CMAT/2022/Álgebra_Lineal_2022.png>]
<graficos CMAT/graficos CMAT/2022/Cálculo_I_2022.png, id=559, 903.375pt x 419.
166pt>
File: graficos CMAT/graficos CMAT/2022/Cálculo_I_2022.png Graphic file (type p
ng)
<use graficos CMAT/graficos CMAT/2022/Cálculo_I_2022.png>
Package pdftex.def Info: graficos CMAT/graficos CMAT/2022/Cálculo_I_2022.png  
used on input line 96.
(pdftex.def)             Requested size: 409.71692pt x 190.1132pt.
<graficos CMAT/graficos CMAT/2022/Cálculo_II_2022.png, id=560, 903.375pt x 419
.166pt>
File: graficos CMAT/graficos CMAT/2022/Cálculo_II_2022.png Graphic file (type 
png)
<use graficos CMAT/graficos CMAT/2022/Cálculo_II_2022.png>
Package pdftex.def Info: graficos CMAT/graficos CMAT/2022/Cálculo_II_2022.png 
 used on input line 97.
(pdftex.def)             Requested size: 409.71692pt x 190.1132pt.

[19 <./graficos CMAT/graficos CMAT/2022/Cálculo_I_2022.png> <./graficos CMAT/g
raficos CMAT/2022/Cálculo_II_2022.png>]
<graficos CMAT/graficos CMAT/2022/Estadística_Inferencial_2022.png, id=570, 90
3.375pt x 419.166pt>
File: graficos CMAT/graficos CMAT/2022/Estadística_Inferencial_2022.png Graphi
c file (type png)
<use graficos CMAT/graficos CMAT/2022/Estadística_Inferencial_2022.png>
Package pdftex.def Info: graficos CMAT/graficos CMAT/2022/Estadística_Inferenc
ial_2022.png  used on input line 98.
(pdftex.def)             Requested size: 409.71692pt x 190.1132pt.
<graficos CMAT/graficos CMAT/2022/Estadística_Para_Ciencias_De_La_Salud_2022.p
ng, id=571, 903.375pt x 419.166pt>
File: graficos CMAT/graficos CMAT/2022/Estadística_Para_Ciencias_De_La_Salud_2
022.png Graphic file (type png)
<use graficos CMAT/graficos CMAT/2022/Estadística_Para_Ciencias_De_La_Salud_20
22.png>
Package pdftex.def Info: graficos CMAT/graficos CMAT/2022/Estadística_Para_Cie
ncias_De_La_Salud_2022.png  used on input line 99.
(pdftex.def)             Requested size: 409.71692pt x 190.1132pt.
<graficos CMAT/graficos CMAT/2022/Estadística_Para_Ciencias_Sociales_2022.png,
 id=572, 903.375pt x 419.166pt>
File: graficos CMAT/graficos CMAT/2022/Estadística_Para_Ciencias_Sociales_2022
.png Graphic file (type png)
<use graficos CMAT/graficos CMAT/2022/Estadística_Para_Ciencias_Sociales_2022.
png>
Package pdftex.def Info: graficos CMAT/graficos CMAT/2022/Estadística_Para_Cie
ncias_Sociales_2022.png  used on input line 100.
(pdftex.def)             Requested size: 409.71692pt x 190.1132pt.
 [20 <./graficos CMAT/graficos CMAT/2022/Estadística_Inferencial_2022.png> <./
graficos CMAT/graficos CMAT/2022/Estadística_Para_Ciencias_De_La_Salud_2022.pn
g>]
<graficos CMAT/graficos CMAT/2022/Estadística_Para_Negocios_2022.png, id=581, 
903.375pt x 419.166pt>
File: graficos CMAT/graficos CMAT/2022/Estadística_Para_Negocios_2022.png Grap
hic file (type png)
<use graficos CMAT/graficos CMAT/2022/Estadística_Para_Negocios_2022.png>
Package pdftex.def Info: graficos CMAT/graficos CMAT/2022/Estadística_Para_Neg
ocios_2022.png  used on input line 101.
(pdftex.def)             Requested size: 409.71692pt x 190.1132pt.
<graficos CMAT/graficos CMAT/2022/Matemáticas_Universitarias_2022.png, id=582,
 903.375pt x 419.166pt>
File: graficos CMAT/graficos CMAT/2022/Matemáticas_Universitarias_2022.png Gra
phic file (type png)
<use graficos CMAT/graficos CMAT/2022/Matemáticas_Universitarias_2022.png>
Package pdftex.def Info: graficos CMAT/graficos CMAT/2022/Matemáticas_Universi
tarias_2022.png  used on input line 102.
(pdftex.def)             Requested size: 409.71692pt x 190.1132pt.
 [21 <./graficos CMAT/graficos CMAT/2022/Estadística_Para_Ciencias_Sociales_20
22.png> <./graficos CMAT/graficos CMAT/2022/Estadística_Para_Negocios_2022.png
>]
<graficos CMAT/graficos CMAT/2022/Teoría_De_Matrices_2022.png, id=591, 903.375
pt x 419.166pt>
File: graficos CMAT/graficos CMAT/2022/Teoría_De_Matrices_2022.png Graphic fil
e (type png)
<use graficos CMAT/graficos CMAT/2022/Teoría_De_Matrices_2022.png>
Package pdftex.def Info: graficos CMAT/graficos CMAT/2022/Teoría_De_Matrices_2
022.png  used on input line 103.
(pdftex.def)             Requested size: 409.71692pt x 190.1132pt.
<graficos CMAT/graficos CMAT/2023/Álgebra_Lineal_2023.png, id=592, 903.375pt x
 419.166pt>
File: graficos CMAT/graficos CMAT/2023/Álgebra_Lineal_2023.png Graphic file (t
ype png)
<use graficos CMAT/graficos CMAT/2023/Álgebra_Lineal_2023.png>
Package pdftex.def Info: graficos CMAT/graficos CMAT/2023/Álgebra_Lineal_2023.
png  used on input line 107.
(pdftex.def)             Requested size: 409.71692pt x 190.1132pt.
 [22 <./graficos CMAT/graficos CMAT/2022/Matemáticas_Universitarias_2022.png> 
<./graficos CMAT/graficos CMAT/2022/Teoría_De_Matrices_2022.png>]
<graficos CMAT/graficos CMAT/2023/Cálculo_I_2023.png, id=601, 903.375pt x 419.
166pt>
File: graficos CMAT/graficos CMAT/2023/Cálculo_I_2023.png Graphic file (type p
ng)
<use graficos CMAT/graficos CMAT/2023/Cálculo_I_2023.png>
Package pdftex.def Info: graficos CMAT/graficos CMAT/2023/Cálculo_I_2023.png  
used on input line 108.
(pdftex.def)             Requested size: 409.71692pt x 190.1132pt.
<graficos CMAT/graficos CMAT/2023/Cálculo_II_2023.png, id=602, 903.375pt x 419
.166pt>
File: graficos CMAT/graficos CMAT/2023/Cálculo_II_2023.png Graphic file (type 
png)
<use graficos CMAT/graficos CMAT/2023/Cálculo_II_2023.png>
Package pdftex.def Info: graficos CMAT/graficos CMAT/2023/Cálculo_II_2023.png 
 used on input line 109.
(pdftex.def)             Requested size: 409.71692pt x 190.1132pt.
 [23 <./graficos CMAT/graficos CMAT/2023/Álgebra_Lineal_2023.png> <./graficos 
CMAT/graficos CMAT/2023/Cálculo_I_2023.png>]
<graficos CMAT/graficos CMAT/2023/Estadística_Inferencial_2023.png, id=611, 90
3.375pt x 419.166pt>
File: graficos CMAT/graficos CMAT/2023/Estadística_Inferencial_2023.png Graphi
c file (type png)
<use graficos CMAT/graficos CMAT/2023/Estadística_Inferencial_2023.png>
Package pdftex.def Info: graficos CMAT/graficos CMAT/2023/Estadística_Inferenc
ial_2023.png  used on input line 110.
(pdftex.def)             Requested size: 409.71692pt x 190.1132pt.
<graficos CMAT/graficos CMAT/2023/Estadística_Para_Ciencias_Sociales_2023.png,
 id=612, 903.375pt x 419.166pt>
File: graficos CMAT/graficos CMAT/2023/Estadística_Para_Ciencias_Sociales_2023
.png Graphic file (type png)
<use graficos CMAT/graficos CMAT/2023/Estadística_Para_Ciencias_Sociales_2023.
png>
Package pdftex.def Info: graficos CMAT/graficos CMAT/2023/Estadística_Para_Cie
ncias_Sociales_2023.png  used on input line 111.
(pdftex.def)             Requested size: 409.71692pt x 190.1132pt.

[24 <./graficos CMAT/graficos CMAT/2023/Cálculo_II_2023.png> <./graficos CMAT/
graficos CMAT/2023/Estadística_Inferencial_2023.png>]
<graficos CMAT/graficos CMAT/2023/Estadística_Para_Negocios_2023.png, id=621, 
903.375pt x 419.166pt>
File: graficos CMAT/graficos CMAT/2023/Estadística_Para_Negocios_2023.png Grap
hic file (type png)
<use graficos CMAT/graficos CMAT/2023/Estadística_Para_Negocios_2023.png>
Package pdftex.def Info: graficos CMAT/graficos CMAT/2023/Estadística_Para_Neg
ocios_2023.png  used on input line 112.
(pdftex.def)             Requested size: 409.71692pt x 190.1132pt.
<graficos CMAT/graficos CMAT/2023/Matemáticas_Universitarias_2023.png, id=622,
 903.375pt x 419.166pt>
File: graficos CMAT/graficos CMAT/2023/Matemáticas_Universitarias_2023.png Gra
phic file (type png)
<use graficos CMAT/graficos CMAT/2023/Matemáticas_Universitarias_2023.png>
Package pdftex.def Info: graficos CMAT/graficos CMAT/2023/Matemáticas_Universi
tarias_2023.png  used on input line 113.
(pdftex.def)             Requested size: 409.71692pt x 190.1132pt.
 [25 <./graficos CMAT/graficos CMAT/2023/Estadística_Para_Ciencias_Sociales_20
23.png> <./graficos CMAT/graficos CMAT/2023/Estadística_Para_Negocios_2023.png
>]
<graficos CMAT/graficos CMAT/2023/Teoría_De_Matrices_2023.png, id=632, 903.375
pt x 419.166pt>
File: graficos CMAT/graficos CMAT/2023/Teoría_De_Matrices_2023.png Graphic fil
e (type png)
<use graficos CMAT/graficos CMAT/2023/Teoría_De_Matrices_2023.png>
Package pdftex.def Info: graficos CMAT/graficos CMAT/2023/Teoría_De_Matrices_2
023.png  used on input line 114.
(pdftex.def)             Requested size: 409.71692pt x 190.1132pt.
<graficos CMAT/graficos CMAT/2024/Álgebra_Lineal_2024.png, id=633, 903.375pt x
 419.166pt>
File: graficos CMAT/graficos CMAT/2024/Álgebra_Lineal_2024.png Graphic file (t
ype png)
<use graficos CMAT/graficos CMAT/2024/Álgebra_Lineal_2024.png>
Package pdftex.def Info: graficos CMAT/graficos CMAT/2024/Álgebra_Lineal_2024.
png  used on input line 118.
(pdftex.def)             Requested size: 409.71692pt x 190.1132pt.
 [26 <./graficos CMAT/graficos CMAT/2023/Matemáticas_Universitarias_2023.png> 
<./graficos CMAT/graficos CMAT/2023/Teoría_De_Matrices_2023.png>]
<graficos CMAT/graficos CMAT/2024/Cálculo_I_2024.png, id=642, 903.375pt x 419.
166pt>
File: graficos CMAT/graficos CMAT/2024/Cálculo_I_2024.png Graphic file (type p
ng)
<use graficos CMAT/graficos CMAT/2024/Cálculo_I_2024.png>
Package pdftex.def Info: graficos CMAT/graficos CMAT/2024/Cálculo_I_2024.png  
used on input line 119.
(pdftex.def)             Requested size: 409.71692pt x 190.1132pt.
<graficos CMAT/graficos CMAT/2024/Cálculo_II_2024.png, id=643, 903.375pt x 419
.166pt>
File: graficos CMAT/graficos CMAT/2024/Cálculo_II_2024.png Graphic file (type 
png)
<use graficos CMAT/graficos CMAT/2024/Cálculo_II_2024.png>
Package pdftex.def Info: graficos CMAT/graficos CMAT/2024/Cálculo_II_2024.png 
 used on input line 120.
(pdftex.def)             Requested size: 409.71692pt x 190.1132pt.
 [27 <./graficos CMAT/graficos CMAT/2024/Álgebra_Lineal_2024.png> <./graficos 
CMAT/graficos CMAT/2024/Cálculo_I_2024.png>]
<graficos CMAT/graficos CMAT/2024/Estadística_Para_Ciencias_Sociales_2024.png,
 id=652, 903.375pt x 419.166pt>
File: graficos CMAT/graficos CMAT/2024/Estadística_Para_Ciencias_Sociales_2024
.png Graphic file (type png)
<use graficos CMAT/graficos CMAT/2024/Estadística_Para_Ciencias_Sociales_2024.
png>
Package pdftex.def Info: graficos CMAT/graficos CMAT/2024/Estadística_Para_Cie
ncias_Sociales_2024.png  used on input line 121.
(pdftex.def)             Requested size: 409.71692pt x 190.1132pt.
<graficos CMAT/graficos CMAT/2024/Estadística_Para_Negocios_2024.png, id=653, 
903.375pt x 419.166pt>
File: graficos CMAT/graficos CMAT/2024/Estadística_Para_Negocios_2024.png Grap
hic file (type png)
<use graficos CMAT/graficos CMAT/2024/Estadística_Para_Negocios_2024.png>
Package pdftex.def Info: graficos CMAT/graficos CMAT/2024/Estadística_Para_Neg
ocios_2024.png  used on input line 122.
(pdftex.def)             Requested size: 409.71692pt x 190.1132pt.
 [28 <./graficos CMAT/graficos CMAT/2024/Cálculo_II_2024.png> <./graficos CMAT
/graficos CMAT/2024/Estadística_Para_Ciencias_Sociales_2024.png>]
<graficos CMAT/graficos CMAT/2024/Matemáticas_Universitarias_2024.png, id=662,
 903.375pt x 419.166pt>
File: graficos CMAT/graficos CMAT/2024/Matemáticas_Universitarias_2024.png Gra
phic file (type png)
<use graficos CMAT/graficos CMAT/2024/Matemáticas_Universitarias_2024.png>
Package pdftex.def Info: graficos CMAT/graficos CMAT/2024/Matemáticas_Universi
tarias_2024.png  used on input line 123.
(pdftex.def)             Requested size: 409.71692pt x 190.1132pt.
<graficos CMAT/graficos CMAT/2025/Álgebra_Lineal_2025.png, id=663, 903.375pt x
 419.166pt>
File: graficos CMAT/graficos CMAT/2025/Álgebra_Lineal_2025.png Graphic file (t
ype png)
<use graficos CMAT/graficos CMAT/2025/Álgebra_Lineal_2025.png>
Package pdftex.def Info: graficos CMAT/graficos CMAT/2025/Álgebra_Lineal_2025.
png  used on input line 127.
(pdftex.def)             Requested size: 409.71692pt x 190.1132pt.

[29 <./graficos CMAT/graficos CMAT/2024/Estadística_Para_Negocios_2024.png> <.
/graficos CMAT/graficos CMAT/2024/Matemáticas_Universitarias_2024.png>]
<graficos CMAT/graficos CMAT/2025/Cálculo_I_2025.png, id=672, 903.375pt x 419.
166pt>
File: graficos CMAT/graficos CMAT/2025/Cálculo_I_2025.png Graphic file (type p
ng)
<use graficos CMAT/graficos CMAT/2025/Cálculo_I_2025.png>
Package pdftex.def Info: graficos CMAT/graficos CMAT/2025/Cálculo_I_2025.png  
used on input line 128.
(pdftex.def)             Requested size: 409.71692pt x 190.1132pt.
<graficos CMAT/graficos CMAT/2025/Cálculo_II_2025.png, id=673, 903.375pt x 419
.166pt>
File: graficos CMAT/graficos CMAT/2025/Cálculo_II_2025.png Graphic file (type 
png)
<use graficos CMAT/graficos CMAT/2025/Cálculo_II_2025.png>
Package pdftex.def Info: graficos CMAT/graficos CMAT/2025/Cálculo_II_2025.png 
 used on input line 129.
(pdftex.def)             Requested size: 409.71692pt x 190.1132pt.

[30 <./graficos CMAT/graficos CMAT/2025/Álgebra_Lineal_2025.png> <./graficos C
MAT/graficos CMAT/2025/Cálculo_I_2025.png>]
<graficos CMAT/graficos CMAT/2025/Estadística_Para_Ciencias_Sociales_2025.png,
 id=682, 903.375pt x 419.166pt>
File: graficos CMAT/graficos CMAT/2025/Estadística_Para_Ciencias_Sociales_2025
.png Graphic file (type png)
<use graficos CMAT/graficos CMAT/2025/Estadística_Para_Ciencias_Sociales_2025.
png>
Package pdftex.def Info: graficos CMAT/graficos CMAT/2025/Estadística_Para_Cie
ncias_Sociales_2025.png  used on input line 130.
(pdftex.def)             Requested size: 409.71692pt x 190.1132pt.
<graficos CMAT/graficos CMAT/2025/Estadística_Para_Negocios_2025.png, id=683, 
903.375pt x 419.166pt>
File: graficos CMAT/graficos CMAT/2025/Estadística_Para_Negocios_2025.png Grap
hic file (type png)
<use graficos CMAT/graficos CMAT/2025/Estadística_Para_Negocios_2025.png>
Package pdftex.def Info: graficos CMAT/graficos CMAT/2025/Estadística_Para_Neg
ocios_2025.png  used on input line 131.
(pdftex.def)             Requested size: 409.71692pt x 190.1132pt.
 [31 <./graficos CMAT/graficos CMAT/2025/Cálculo_II_2025.png> <./graficos CMAT
/graficos CMAT/2025/Estadística_Para_Ciencias_Sociales_2025.png>]
<graficos CMAT/graficos CMAT/2025/Matemáticas_Universitarias_2025.png, id=693,
 903.375pt x 419.166pt>
File: graficos CMAT/graficos CMAT/2025/Matemáticas_Universitarias_2025.png Gra
phic file (type png)
<use graficos CMAT/graficos CMAT/2025/Matemáticas_Universitarias_2025.png>
Package pdftex.def Info: graficos CMAT/graficos CMAT/2025/Matemáticas_Universi
tarias_2025.png  used on input line 132.
(pdftex.def)             Requested size: 409.71692pt x 190.1132pt.
 [32 <./graficos CMAT/graficos CMAT/2025/Estadística_Para_Negocios_2025.png> <
./graficos CMAT/graficos CMAT/2025/Matemáticas_Universitarias_2025.png>]
<graficos de lineas/graficos de lineas/Promedio_Álgebra_Lineal_2020_2024.png, 
id=702, 831.105pt x 397.485pt>
File: graficos de lineas/graficos de lineas/Promedio_Álgebra_Lineal_2020_2024.
png Graphic file (type png)
<use graficos de lineas/graficos de lineas/Promedio_Álgebra_Lineal_2020_2024.p
ng>
Package pdftex.def Info: graficos de lineas/graficos de lineas/Promedio_Álgebr
a_Lineal_2020_2024.png  used on input line 140.
(pdftex.def)             Requested size: 409.71692pt x 195.95204pt.
<graficos de lineas/graficos de lineas/Promedio_Cálculo_I_2020_2024.png, id=70
3, 831.105pt x 397.485pt>
File: graficos de lineas/graficos de lineas/Promedio_Cálculo_I_2020_2024.png G
raphic file (type png)
<use graficos de lineas/graficos de lineas/Promedio_Cálculo_I_2020_2024.png>
Package pdftex.def Info: graficos de lineas/graficos de lineas/Promedio_Cálcul
o_I_2020_2024.png  used on input line 141.
(pdftex.def)             Requested size: 409.71692pt x 195.95204pt.
 [33 <./graficos de lineas/graficos de lineas/Promedio_Álgebra_Lineal_2020_202
4.png>]
<graficos de lineas/graficos de lineas/Promedio_Cálculo_II_2020_2024.png, id=7
11, 831.105pt x 397.485pt>
File: graficos de lineas/graficos de lineas/Promedio_Cálculo_II_2020_2024.png 
Graphic file (type png)
<use graficos de lineas/graficos de lineas/Promedio_Cálculo_II_2020_2024.png>
Package pdftex.def Info: graficos de lineas/graficos de lineas/Promedio_Cálcul
o_II_2020_2024.png  used on input line 142.
(pdftex.def)             Requested size: 409.71692pt x 195.95204pt.
<graficos de lineas/graficos de lineas/Promedio_Estadística_Inferencial_2020_2
024.png, id=712, 831.105pt x 397.485pt>
File: graficos de lineas/graficos de lineas/Promedio_Estadística_Inferencial_2
020_2024.png Graphic file (type png)
<use graficos de lineas/graficos de lineas/Promedio_Estadística_Inferencial_20
20_2024.png>
Package pdftex.def Info: graficos de lineas/graficos de lineas/Promedio_Estadí
stica_Inferencial_2020_2024.png  used on input line 143.
(pdftex.def)             Requested size: 409.71692pt x 195.95204pt.
 [34 <./graficos de lineas/graficos de lineas/Promedio_Cálculo_I_2020_2024.png
> <./graficos de lineas/graficos de lineas/Promedio_Cálculo_II_2020_2024.png>]
<graficos de lineas/graficos de lineas/Promedio_Estadística_Para_Ciencias_De_L
a_Salud_2020_2024.png, id=721, 831.105pt x 397.485pt>
File: graficos de lineas/graficos de lineas/Promedio_Estadística_Para_Ciencias
_De_La_Salud_2020_2024.png Graphic file (type png)
<use graficos de lineas/graficos de lineas/Promedio_Estadística_Para_Ciencias_
De_La_Salud_2020_2024.png>
Package pdftex.def Info: graficos de lineas/graficos de lineas/Promedio_Estadí
stica_Para_Ciencias_De_La_Salud_2020_2024.png  used on input line 144.
(pdftex.def)             Requested size: 409.71692pt x 195.95204pt.
<graficos de lineas/graficos de lineas/Promedio_Estadística_Para_Ciencias_Soci
ales_2020_2024.png, id=722, 831.105pt x 397.485pt>
File: graficos de lineas/graficos de lineas/Promedio_Estadística_Para_Ciencias
_Sociales_2020_2024.png Graphic file (type png)
<use graficos de lineas/graficos de lineas/Promedio_Estadística_Para_Ciencias_
Sociales_2020_2024.png>
Package pdftex.def Info: graficos de lineas/graficos de lineas/Promedio_Estadí
stica_Para_Ciencias_Sociales_2020_2024.png  used on input line 145.
(pdftex.def)             Requested size: 409.71692pt x 195.95204pt.
 [35 <./graficos de lineas/graficos de lineas/Promedio_Estadística_Inferencial
_2020_2024.png> <./graficos de lineas/graficos de lineas/Promedio_Estadística_
Para_Ciencias_De_La_Salud_2020_2024.png>]
<graficos de lineas/graficos de lineas/Promedio_Estadística_Para_Negocios_2020
_2024.png, id=731, 831.105pt x 397.485pt>
File: graficos de lineas/graficos de lineas/Promedio_Estadística_Para_Negocios
_2020_2024.png Graphic file (type png)
<use graficos de lineas/graficos de lineas/Promedio_Estadística_Para_Negocios_
2020_2024.png>
Package pdftex.def Info: graficos de lineas/graficos de lineas/Promedio_Estadí
stica_Para_Negocios_2020_2024.png  used on input line 146.
(pdftex.def)             Requested size: 409.71692pt x 195.95204pt.
<graficos de lineas/graficos de lineas/Promedio_Matemáticas_Universitarias_202
0_2024.png, id=732, 831.105pt x 397.485pt>
File: graficos de lineas/graficos de lineas/Promedio_Matemáticas_Universitaria
s_2020_2024.png Graphic file (type png)
<use graficos de lineas/graficos de lineas/Promedio_Matemáticas_Universitarias
_2020_2024.png>
Package pdftex.def Info: graficos de lineas/graficos de lineas/Promedio_Matemá
ticas_Universitarias_2020_2024.png  used on input line 147.
(pdftex.def)             Requested size: 409.71692pt x 195.95204pt.

[36 <./graficos de lineas/graficos de lineas/Promedio_Estadística_Para_Ciencia
s_Sociales_2020_2024.png> <./graficos de lineas/graficos de lineas/Promedio_Est
adística_Para_Negocios_2020_2024.png>]
<graficos de lineas/graficos de lineas/Promedio_Teoría_De_Matrices_2020_2024.p
ng, id=741, 831.105pt x 397.485pt>
File: graficos de lineas/graficos de lineas/Promedio_Teoría_De_Matrices_2020_2
024.png Graphic file (type png)
<use graficos de lineas/graficos de lineas/Promedio_Teoría_De_Matrices_2020_20
24.png>
Package pdftex.def Info: graficos de lineas/graficos de lineas/Promedio_Teoría
_De_Matrices_2020_2024.png  used on input line 148.
(pdftex.def)             Requested size: 409.71692pt x 195.95204pt.
 [37 <./graficos de lineas/graficos de lineas/Promedio_Matemáticas_Universitar
ias_2020_2024.png> <./graficos de lineas/graficos de lineas/Promedio_Teoría_De
_Matrices_2020_2024.png>] [38]
(reporte_graficos_cmat.aux
LaTeX Info: Redefining \. on input line 11.
LaTeX Info: Redefining \% on input line 11.
)
 ***********
LaTeX2e <2025-11-01>
L3 programming layer <2026-01-19>
 ***********
Package rerunfilecheck Info: File `reporte_graficos_cmat.out' has not changed.
(rerunfilecheck)             Checksum: 5E323C745D469CB5F513D1ED0FFFFF74;15201.
 ) 
Here is how much of TeX's memory you used:
 12683 strings out of 467867
 232027 string characters out of 5418334
 632385 words of memory out of 5000000
 41266 multiletter control sequences out of 15000+600000
 636770 words of font info for 59 fonts, out of 8000000 for 9000
 1141 hyphenation exceptions out of 8191
 75i,6n,79p,540b,760s stack positions out of 10000i,1000n,20000p,200000b,200000s
 <C:\Users\herie\AppData\Local\MiKTeX\fonts/pk/ljfour/jknappen/ec/dpi600\ecbx
1440.pk> <C:\Users\herie\AppData\Local\MiKTeX\fonts/pk/ljfour/jknappen/ec/dpi60
0\ecrm1200.pk> <C:\Users\herie\AppData\Local\MiKTeX\fonts/pk/ljfour/jknappen/ec
/dpi600\ecbx1200.pk> <C:\Users\herie\AppData\Local\MiKTeX\fonts/pk/ljfour/jknap
pen/ec/dpi600\ecbx1728.pk> <C:\Users\herie\AppData\Local\MiKTeX\fonts/pk/ljfour
/jknappen/ec/dpi600\ecrm1440.pk> <C:\Users\herie\AppData\Local\MiKTeX\fonts/pk/
ljfour/jknappen/ec/dpi600\ecrm2074.pk>
Output written on reporte_graficos_cmat.pdf (38 pages, 5673447 bytes).
PDF statistics:
 1047 PDF objects out of 1200 (max. 8388607)
 185 named destinations out of 1000 (max. 500000)
 947 words of extra memory for PDF output out of 10000 (max. 10000000)

