\BOOKMARK [1][-]{section.1}{\376\377\000I\000n\000t\000r\000o\000d\000u\000c\000c\000i\000\363\000n}{}% 1
\BOOKMARK [1][-]{section.2}{\376\377\000G\000r\000\341\000f\000i\000c\000a\000s\000\040\000p\000o\000r\000\040\000a\000\361\000o}{}% 2
\BOOKMARK [1][-]{section.3}{\376\377\000A\000\361\000o\000\040\0002\0000\0001\0009}{}% 3
\BOOKMARK [2][-]{subsection.3.1}{\376\377\000\301\000l\000g\000e\000b\000r\000a\000\040\000L\000i\000n\000e\000a\000l\000\040\000\050\0002\0000\0001\0009\000\051}{section.3}% 4
\BOOKMARK [2][-]{subsection.3.2}{\376\377\000C\000\341\000l\000c\000u\000l\000o\000\040\000I\000\040\000\050\0002\0000\0001\0009\000\051}{section.3}% 5
\BOOKMARK [2][-]{subsection.3.3}{\376\377\000C\000\341\000l\000c\000u\000l\000o\000\040\000I\000I\000\040\000\050\0002\0000\0001\0009\000\051}{section.3}% 6
\BOOKMARK [2][-]{subsection.3.4}{\376\377\000E\000c\000u\000a\000c\000i\000o\000n\000e\000s\000\040\000D\000i\000f\000e\000r\000e\000n\000c\000i\000a\000l\000e\000s\000\040\000O\000r\000d\000i\000n\000a\000r\000i\000a\000s\000\040\000\050\0002\0000\0001\0009\000\051}{section.3}% 7
\BOOKMARK [2][-]{subsection.3.5}{\376\377\000E\000s\000t\000a\000d\000\355\000s\000t\000i\000c\000a\000\040\000I\000n\000f\000e\000r\000e\000n\000c\000i\000a\000l\000\040\000\050\0002\0000\0001\0009\000\051}{section.3}% 8
\BOOKMARK [2][-]{subsection.3.6}{\376\377\000E\000s\000t\000a\000d\000\355\000s\000t\000i\000c\000a\000\040\000p\000a\000r\000a\000\040\000C\000i\000e\000n\000c\000i\000a\000s\000\040\000d\000e\000\040\000l\000a\000\040\000S\000a\000l\000u\000d\000\040\000\050\0002\0000\0001\0009\000\051}{section.3}% 9
\BOOKMARK [2][-]{subsection.3.7}{\376\377\000E\000s\000t\000a\000d\000\355\000s\000t\000i\000c\000a\000\040\000p\000a\000r\000a\000\040\000C\000i\000e\000n\000c\000i\000a\000s\000\040\000S\000o\000c\000i\000a\000l\000e\000s\000\040\000\050\0002\0000\0001\0009\000\051}{section.3}% 10
\BOOKMARK [2][-]{subsection.3.8}{\376\377\000E\000s\000t\000a\000d\000\355\000s\000t\000i\000c\000a\000\040\000p\000a\000r\000a\000\040\000N\000e\000g\000o\000c\000i\000o\000s\000\040\000\050\0002\0000\0001\0009\000\051}{section.3}% 11
\BOOKMARK [2][-]{subsection.3.9}{\376\377\000M\000a\000t\000e\000m\000\341\000t\000i\000c\000a\000s\000\040\000U\000n\000i\000v\000e\000r\000s\000i\000t\000a\000r\000i\000a\000s\000\040\000\050\0002\0000\0001\0009\000\051}{section.3}% 12
\BOOKMARK [2][-]{subsection.3.10}{\376\377\000T\000e\000o\000r\000\355\000a\000\040\000d\000e\000\040\000M\000a\000t\000r\000i\000c\000e\000s\000\040\000\050\0002\0000\0001\0009\000\051}{section.3}% 13
\BOOKMARK [1][-]{section.4}{\376\377\000A\000\361\000o\000\040\0002\0000\0002\0000}{}% 14
\BOOKMARK [2][-]{subsection.4.1}{\376\377\000\301\000l\000g\000e\000b\000r\000a\000\040\000L\000i\000n\000e\000a\000l\000\040\000\050\0002\0000\0002\0000\000\051}{section.4}% 15
\BOOKMARK [2][-]{subsection.4.2}{\376\377\000C\000\341\000l\000c\000u\000l\000o\000\040\000I\000\040\000\050\0002\0000\0002\0000\000\051}{section.4}% 16
\BOOKMARK [2][-]{subsection.4.3}{\376\377\000C\000\341\000l\000c\000u\000l\000o\000\040\000I\000I\000\040\000\050\0002\0000\0002\0000\000\051}{section.4}% 17
\BOOKMARK [2][-]{subsection.4.4}{\376\377\000E\000s\000t\000a\000d\000\355\000s\000t\000i\000c\000a\000\040\000I\000n\000f\000e\000r\000e\000n\000c\000i\000a\000l\000\040\000\050\0002\0000\0002\0000\000\051}{section.4}% 18
\BOOKMARK [2][-]{subsection.4.5}{\376\377\000E\000s\000t\000a\000d\000\355\000s\000t\000i\000c\000a\000\040\000p\000a\000r\000a\000\040\000C\000i\000e\000n\000c\000i\000a\000s\000\040\000d\000e\000\040\000l\000a\000\040\000S\000a\000l\000u\000d\000\040\000\050\0002\0000\0002\0000\000\051}{section.4}% 19
\BOOKMARK [2][-]{subsection.4.6}{\376\377\000E\000s\000t\000a\000d\000\355\000s\000t\000i\000c\000a\000\040\000p\000a\000r\000a\000\040\000C\000i\000e\000n\000c\000i\000a\000s\000\040\000S\000o\000c\000i\000a\000l\000e\000s\000\040\000\050\0002\0000\0002\0000\000\051}{section.4}% 20
\BOOKMARK [2][-]{subsection.4.7}{\376\377\000E\000s\000t\000a\000d\000\355\000s\000t\000i\000c\000a\000\040\000p\000a\000r\000a\000\040\000N\000e\000g\000o\000c\000i\000o\000s\000\040\000\050\0002\0000\0002\0000\000\051}{section.4}% 21
\BOOKMARK [2][-]{subsection.4.8}{\376\377\000M\000a\000t\000e\000m\000\341\000t\000i\000c\000a\000s\000\040\000U\000n\000i\000v\000e\000r\000s\000i\000t\000a\000r\000i\000a\000s\000\040\000\050\0002\0000\0002\0000\000\051}{section.4}% 22
\BOOKMARK [2][-]{subsection.4.9}{\376\377\000T\000e\000o\000r\000\355\000a\000\040\000d\000e\000\040\000M\000a\000t\000r\000i\000c\000e\000s\000\040\000\050\0002\0000\0002\0000\000\051}{section.4}% 23
\BOOKMARK [1][-]{section.5}{\376\377\000A\000\361\000o\000\040\0002\0000\0002\0001}{}% 24
\BOOKMARK [2][-]{subsection.5.1}{\376\377\000\301\000l\000g\000e\000b\000r\000a\000\040\000L\000i\000n\000e\000a\000l\000\040\000\050\0002\0000\0002\0001\000\051}{section.5}% 25
\BOOKMARK [2][-]{subsection.5.2}{\376\377\000C\000\341\000l\000c\000u\000l\000o\000\040\000I\000\040\000\050\0002\0000\0002\0001\000\051}{section.5}% 26
\BOOKMARK [2][-]{subsection.5.3}{\376\377\000C\000\341\000l\000c\000u\000l\000o\000\040\000I\000I\000\040\000\050\0002\0000\0002\0001\000\051}{section.5}% 27
\BOOKMARK [2][-]{subsection.5.4}{\376\377\000E\000s\000t\000a\000d\000\355\000s\000t\000i\000c\000a\000\040\000I\000n\000f\000e\000r\000e\000n\000c\000i\000a\000l\000\040\000\050\0002\0000\0002\0001\000\051}{section.5}% 28
\BOOKMARK [2][-]{subsection.5.5}{\376\377\000E\000s\000t\000a\000d\000\355\000s\000t\000i\000c\000a\000\040\000p\000a\000r\000a\000\040\000C\000i\000e\000n\000c\000i\000a\000s\000\040\000d\000e\000\040\000l\000a\000\040\000S\000a\000l\000u\000d\000\040\000\050\0002\0000\0002\0001\000\051}{section.5}% 29
\BOOKMARK [2][-]{subsection.5.6}{\376\377\000E\000s\000t\000a\000d\000\355\000s\000t\000i\000c\000a\000\040\000p\000a\000r\000a\000\040\000C\000i\000e\000n\000c\000i\000a\000s\000\040\000S\000o\000c\000i\000a\000l\000e\000s\000\040\000\050\0002\0000\0002\0001\000\051}{section.5}% 30
\BOOKMARK [2][-]{subsection.5.7}{\376\377\000E\000s\000t\000a\000d\000\355\000s\000t\000i\000c\000a\000\040\000p\000a\000r\000a\000\040\000N\000e\000g\000o\000c\000i\000o\000s\000\040\000\050\0002\0000\0002\0001\000\051}{section.5}% 31
\BOOKMARK [2][-]{subsection.5.8}{\376\377\000M\000a\000t\000e\000m\000\341\000t\000i\000c\000a\000s\000\040\000U\000n\000i\000v\000e\000r\000s\000i\000t\000a\000r\000i\000a\000s\000\040\000\050\0002\0000\0002\0001\000\051}{section.5}% 32
\BOOKMARK [2][-]{subsection.5.9}{\376\377\000T\000e\000o\000r\000\355\000a\000\040\000d\000e\000\040\000M\000a\000t\000r\000i\000c\000e\000s\000\040\000\050\0002\0000\0002\0001\000\051}{section.5}% 33
\BOOKMARK [1][-]{section.6}{\376\377\000A\000\361\000o\000\040\0002\0000\0002\0002}{}% 34
\BOOKMARK [2][-]{subsection.6.1}{\376\377\000\301\000l\000g\000e\000b\000r\000a\000\040\000L\000i\000n\000e\000a\000l\000\040\000\050\0002\0000\0002\0002\000\051}{section.6}% 35
\BOOKMARK [2][-]{subsection.6.2}{\376\377\000C\000\341\000l\000c\000u\000l\000o\000\040\000I\000\040\000\050\0002\0000\0002\0002\000\051}{section.6}% 36
\BOOKMARK [2][-]{subsection.6.3}{\376\377\000C\000\341\000l\000c\000u\000l\000o\000\040\000I\000I\000\040\000\050\0002\0000\0002\0002\000\051}{section.6}% 37
\BOOKMARK [2][-]{subsection.6.4}{\376\377\000E\000s\000t\000a\000d\000\355\000s\000t\000i\000c\000a\000\040\000I\000n\000f\000e\000r\000e\000n\000c\000i\000a\000l\000\040\000\050\0002\0000\0002\0002\000\051}{section.6}% 38
\BOOKMARK [2][-]{subsection.6.5}{\376\377\000E\000s\000t\000a\000d\000\355\000s\000t\000i\000c\000a\000\040\000p\000a\000r\000a\000\040\000C\000i\000e\000n\000c\000i\000a\000s\000\040\000d\000e\000\040\000l\000a\000\040\000S\000a\000l\000u\000d\000\040\000\050\0002\0000\0002\0002\000\051}{section.6}% 39
\BOOKMARK [2][-]{subsection.6.6}{\376\377\000E\000s\000t\000a\000d\000\355\000s\000t\000i\000c\000a\000\040\000p\000a\000r\000a\000\040\000C\000i\000e\000n\000c\000i\000a\000s\000\040\000S\000o\000c\000i\000a\000l\000e\000s\000\040\000\050\0002\0000\0002\0002\000\051}{section.6}% 40
\BOOKMARK [2][-]{subsection.6.7}{\376\377\000E\000s\000t\000a\000d\000\355\000s\000t\000i\000c\000a\000\040\000p\000a\000r\000a\000\040\000N\000e\000g\000o\000c\000i\000o\000s\000\040\000\050\0002\0000\0002\0002\000\051}{section.6}% 41
\BOOKMARK [2][-]{subsection.6.8}{\376\377\000M\000a\000t\000e\000m\000\341\000t\000i\000c\000a\000s\000\040\000U\000n\000i\000v\000e\000r\000s\000i\000t\000a\000r\000i\000a\000s\000\040\000\050\0002\0000\0002\0002\000\051}{section.6}% 42
\BOOKMARK [2][-]{subsection.6.9}{\376\377\000T\000e\000o\000r\000\355\000a\000\040\000d\000e\000\040\000M\000a\000t\000r\000i\000c\000e\000s\000\040\000\050\0002\0000\0002\0002\000\051}{section.6}% 43
\BOOKMARK [1][-]{section.7}{\376\377\000A\000\361\000o\000\040\0002\0000\0002\0003}{}% 44
\BOOKMARK [2][-]{subsection.7.1}{\376\377\000\301\000l\000g\000e\000b\000r\000a\000\040\000L\000i\000n\000e\000a\000l\000\040\000\050\0002\0000\0002\0003\000\051}{section.7}% 45
\BOOKMARK [2][-]{subsection.7.2}{\376\377\000C\000\341\000l\000c\000u\000l\000o\000\040\000I\000\040\000\050\0002\0000\0002\0003\000\051}{section.7}% 46
\BOOKMARK [2][-]{subsection.7.3}{\376\377\000C\000\341\000l\000c\000u\000l\000o\000\040\000I\000I\000\040\000\050\0002\0000\0002\0003\000\051}{section.7}% 47
\BOOKMARK [2][-]{subsection.7.4}{\376\377\000E\000s\000t\000a\000d\000\355\000s\000t\000i\000c\000a\000\040\000I\000n\000f\000e\000r\000e\000n\000c\000i\000a\000l\000\040\000\050\0002\0000\0002\0003\000\051}{section.7}% 48
\BOOKMARK [2][-]{subsection.7.5}{\376\377\000E\000s\000t\000a\000d\000\355\000s\000t\000i\000c\000a\000\040\000p\000a\000r\000a\000\040\000C\000i\000e\000n\000c\000i\000a\000s\000\040\000S\000o\000c\000i\000a\000l\000e\000s\000\040\000\050\0002\0000\0002\0003\000\051}{section.7}% 49
\BOOKMARK [2][-]{subsection.7.6}{\376\377\000E\000s\000t\000a\000d\000\355\000s\000t\000i\000c\000a\000\040\000p\000a\000r\000a\000\040\000N\000e\000g\000o\000c\000i\000o\000s\000\040\000\050\0002\0000\0002\0003\000\051}{section.7}% 50
\BOOKMARK [2][-]{subsection.7.7}{\376\377\000M\000a\000t\000e\000m\000\341\000t\000i\000c\000a\000s\000\040\000U\000n\000i\000v\000e\000r\000s\000i\000t\000a\000r\000i\000a\000s\000\040\000\050\0002\0000\0002\0003\000\051}{section.7}% 51
\BOOKMARK [2][-]{subsection.7.8}{\376\377\000T\000e\000o\000r\000\355\000a\000\040\000d\000e\000\040\000M\000a\000t\000r\000i\000c\000e\000s\000\040\000\050\0002\0000\0002\0003\000\051}{section.7}% 52
\BOOKMARK [1][-]{section.8}{\376\377\000A\000\361\000o\000\040\0002\0000\0002\0004}{}% 53
\BOOKMARK [2][-]{subsection.8.1}{\376\377\000\301\000l\000g\000e\000b\000r\000a\000\040\000L\000i\000n\000e\000a\000l\000\040\000\050\0002\0000\0002\0004\000\051}{section.8}% 54
\BOOKMARK [2][-]{subsection.8.2}{\376\377\000C\000\341\000l\000c\000u\000l\000o\000\040\000I\000\040\000\050\0002\0000\0002\0004\000\051}{section.8}% 55
\BOOKMARK [2][-]{subsection.8.3}{\376\377\000C\000\341\000l\000c\000u\000l\000o\000\040\000I\000I\000\040\000\050\0002\0000\0002\0004\000\051}{section.8}% 56
\BOOKMARK [2][-]{subsection.8.4}{\376\377\000E\000s\000t\000a\000d\000\355\000s\000t\000i\000c\000a\000\040\000p\000a\000r\000a\000\040\000C\000i\000e\000n\000c\000i\000a\000s\000\040\000S\000o\000c\000i\000a\000l\000e\000s\000\040\000\050\0002\0000\0002\0004\000\051}{section.8}% 57
\BOOKMARK [2][-]{subsection.8.5}{\376\377\000E\000s\000t\000a\000d\000\355\000s\000t\000i\000c\000a\000\040\000p\000a\000r\000a\000\040\000N\000e\000g\000o\000c\000i\000o\000s\000\040\000\050\0002\0000\0002\0004\000\051}{section.8}% 58
\BOOKMARK [2][-]{subsection.8.6}{\376\377\000M\000a\000t\000e\000m\000\341\000t\000i\000c\000a\000s\000\040\000U\000n\000i\000v\000e\000r\000s\000i\000t\000a\000r\000i\000a\000s\000\040\000\050\0002\0000\0002\0004\000\051}{section.8}% 59
\BOOKMARK [1][-]{section.9}{\376\377\000A\000\361\000o\000\040\0002\0000\0002\0005}{}% 60
\BOOKMARK [2][-]{subsection.9.1}{\376\377\000\301\000l\000g\000e\000b\000r\000a\000\040\000L\000i\000n\000e\000a\000l\000\040\000\050\0002\0000\0002\0005\000\051}{section.9}% 61
\BOOKMARK [2][-]{subsection.9.2}{\376\377\000C\000\341\000l\000c\000u\000l\000o\000\040\000I\000\040\000\050\0002\0000\0002\0005\000\051}{section.9}% 62
\BOOKMARK [2][-]{subsection.9.3}{\376\377\000C\000\341\000l\000c\000u\000l\000o\000\040\000I\000I\000\040\000\050\0002\0000\0002\0005\000\051}{section.9}% 63
\BOOKMARK [2][-]{subsection.9.4}{\376\377\000E\000s\000t\000a\000d\000\355\000s\000t\000i\000c\000a\000\040\000p\000a\000r\000a\000\040\000C\000i\000e\000n\000c\000i\000a\000s\000\040\000S\000o\000c\000i\000a\000l\000e\000s\000\040\000\050\0002\0000\0002\0005\000\051}{section.9}% 64
\BOOKMARK [2][-]{subsection.9.5}{\376\377\000E\000s\000t\000a\000d\000\355\000s\000t\000i\000c\000a\000\040\000p\000a\000r\000a\000\040\000N\000e\000g\000o\000c\000i\000o\000s\000\040\000\050\0002\0000\0002\0005\000\051}{section.9}% 65
\BOOKMARK [2][-]{subsection.9.6}{\376\377\000M\000a\000t\000e\000m\000\341\000t\000i\000c\000a\000s\000\040\000U\000n\000i\000v\000e\000r\000s\000i\000t\000a\000r\000i\000a\000s\000\040\000\050\0002\0000\0002\0005\000\051}{section.9}% 66
\BOOKMARK [1][-]{section.10}{\376\377\000E\000v\000o\000l\000u\000c\000i\000\363\000n\000\040\000e\000n\000\040\000e\000l\000\040\000p\000e\000r\000i\000o\000d\000o\000\040\0002\0000\0002\0000\040\023\0002\0000\0002\0004}{}% 67
\BOOKMARK [2][-]{subsection.10.1}{\376\377\000\301\000l\000g\000e\000b\000r\000a\000\040\000L\000i\000n\000e\000a\000l}{section.10}% 68
\BOOKMARK [2][-]{subsection.10.2}{\376\377\000C\000\341\000l\000c\000u\000l\000o\000\040\000I}{section.10}% 69
\BOOKMARK [2][-]{subsection.10.3}{\376\377\000C\000\341\000l\000c\000u\000l\000o\000\040\000I\000I}{section.10}% 70
\BOOKMARK [2][-]{subsection.10.4}{\376\377\000E\000s\000t\000a\000d\000\355\000s\000t\000i\000c\000a\000\040\000I\000n\000f\000e\000r\000e\000n\000c\000i\000a\000l}{section.10}% 71
\BOOKMARK [2][-]{subsection.10.5}{\376\377\000E\000s\000t\000a\000d\000\355\000s\000t\000i\000c\000a\000\040\000p\000a\000r\000a\000\040\000C\000i\000e\000n\000c\000i\000a\000s\000\040\000d\000e\000\040\000l\000a\000\040\000S\000a\000l\000u\000d}{section.10}% 72
\BOOKMARK [2][-]{subsection.10.6}{\376\377\000E\000s\000t\000a\000d\000\355\000s\000t\000i\000c\000a\000\040\000p\000a\000r\000a\000\040\000C\000i\000e\000n\000c\000i\000a\000s\000\040\000S\000o\000c\000i\000a\000l\000e\000s}{section.10}% 73
\BOOKMARK [2][-]{subsection.10.7}{\376\377\000E\000s\000t\000a\000d\000\355\000s\000t\000i\000c\000a\000\040\000p\000a\000r\000a\000\040\000N\000e\000g\000o\000c\000i\000o\000s}{section.10}% 74
\BOOKMARK [2][-]{subsection.10.8}{\376\377\000M\000a\000t\000e\000m\000\341\000t\000i\000c\000a\000s\000\040\000U\000n\000i\000v\000e\000r\000s\000i\000t\000a\000r\000i\000a\000s}{section.10}% 75
\BOOKMARK [2][-]{subsection.10.9}{\376\377\000T\000e\000o\000r\000\355\000a\000\040\000d\000e\000\040\000M\000a\000t\000r\000i\000c\000e\000s}{section.10}% 76
\BOOKMARK [1][-]{section.11}{\376\377\000C\000o\000n\000c\000l\000u\000s\000i\000o\000n\000e\000s\000\040\000g\000e\000n\000e\000r\000a\000l\000e\000s}{}% 77
